ARM Linker, RVCT3.1 [Build 939] for uVision [Standard]

================================================================================

Section Cross References

    stm32f10x.o(STACK) refers (Special) to stkheap2.o(.text) for __use_two_region_memory
    stm32f10x.o(HEAP) refers (Special) to stkheap2.o(.text) for __use_two_region_memory
    stm32f10x.o(RESET) refers to stm32f10x.o(STACK) for __initial_sp
    stm32f10x.o(RESET) refers to stm32f10x.o(.text) for Reset_Handler
    stm32f10x.o(RESET) refers to t1int.o(.text) for TIM1_UP_IRQHandler
    stm32f10x.o(RESET) refers (Special) to stkheap2.o(.text) for __use_two_region_memory
    stm32f10x.o(.text) refers to __main.o(!!!main) for __main
    stm32f10x.o(.text) refers to stm32f10x.o(HEAP) for Heap_Mem
    stm32f10x.o(.text) refers to stm32f10x.o(STACK) for Stack_Mem
    stm32f10x.o(.text) refers (Special) to stkheap2.o(.text) for __use_two_region_memory
    main.o(.text) refers to lcd_4bit.o(.text) for set_cursor
    main.o(.text) refers to stm32_init.o(.text) for stm32_Init
    main.o(.text) refers to __0printf.o(.text) for __1printf
    main.o(.text) refers to dtmf.o(.text) for DTMF_Detect
    main.o(.text) refers to main.o(.data) for ADC_ConvertedValue
    main.o(.text) refers to dtmf.o(.data) for dail1
    main.o(.text) refers (Special) to __printf.o(.text) for _printf_percent
    main.o(.text) refers (Special) to _printf_str.o(.text) for _printf_str
    main.o(.data) refers (Special) to __printf.o(.text) for _printf_percent
    main.o(.data) refers (Special) to _printf_str.o(.text) for _printf_str
    dtmf.o(.text) refers to dtmf.o(.bss) for .bss
    retarget.o(.text) refers to serial.o(.text) for sendchar
    retarget.o(.text) refers (Special) to use_no_semi.o(.text) for __use_no_semihosting_swi
    retarget.o(.data) refers (Special) to use_no_semi.o(.text) for __use_no_semihosting_swi
    t1int.o(.text) refers to main.o(.data) for ADC_ConvertedValue
    t1int.o(.text) refers to dtmf.o(.data) for dail1
    lcd_4bit.o(.text) refers to lcd_4bit.o(.constdata) for SWAP_DATA
    __printf.o(.text) refers (Weak) to _printf_str.o(.text) for _printf_str
    __printf.o(.text) refers to __printf.o(.constdata) for .constdata
    __0printf.o(.text) refers to _printf_char_common.o(.text) for _printf_char_common
    __0printf.o(.text) refers to retarget.o(.text) for ferror
    __0printf.o(.text) refers to retarget.o(.data) for __stdout
    stkheap2.o(.text) refers to sys_stackheap_outer.o(.text) for __user_setup_stackheap
    stkheap2.o(.text) refers to rt_stackheap_storage_intlibspace.o(.text) for __rt_stackheap_storage
    __main.o(!!!main) refers to kernel.o(.text) for __rt_entry
    kernel.o(.text) refers to stkheap2.o(.text) for __rt_stackheap_init
    kernel.o(.text) refers to boardinit2.o(.text) for _platform_post_stackheap_init
    kernel.o(.text) refers to lib_init.o(.text) for __rt_lib_init
    kernel.o(.text) refers to boardinit3.o(.text) for _platform_post_lib_init
    kernel.o(.text) refers to main.o(.text) for main
    kernel.o(.text) refers to exit.o(.text) for exit
    kernel.o(.text) refers to retarget.o(.text) for _sys_exit
    kernel.o(.ARM.exidx) refers to kernel.o(.text) for __rt_entry
    sys_stackheap_outer.o(.text) refers to libspace.o(.text) for __user_perproc_libspace
    sys_stackheap_outer.o(.text) refers to stm32f10x.o(.text) for __user_initial_stackheap
    rt_stackheap_storage.o(.text) refers to rt_stackheap_storage.o(.bss) for __rt_stackheap_storage_data
    rt_stackheap_storage_intlibspace.o(.text) refers to libspace.o(.bss) for __libspace_start
    _printf_char_common.o(.text) refers to __printf.o(.text) for __printf
    _printf_char_common.o(.text) refers to _printf_outstr_char.o(.text) for _printf_outstr_char
    _printf_char_common.o(.text) refers to _printf_input_char.o(.text) for _printf_input_char
    libspace.o(.text) refers to libspace.o(.bss) for __libspace_start
    exit.o(.text) refers to kernel.o(.text) for __rt_exit
    stkheap1.o(.text) refers to sys_stackheap_outer.o(.text) for __user_setup_stackheap
    stkheap1.o(.text) refers to rt_stackheap_storage_intlibspace.o(.text) for __rt_stackheap_storage
    lib_init.o(.emb_text) refers to no_argv.o(.text) for __ARM_get_argv
    lib_init.o(.text) refers to fpinit.o(x$fpl$fpinit) for _fp_init
    lib_init.o(.text) refers to lib_init.o(.emb_text) for __ARM_argv_veneer
    lib_init.o(.text) refers to rt_locale_intlibspace.o(.text) for __rt_locale
    rt_locale.o(.text) refers to rt_locale.o(.bss) for __rt_locale_data
    rt_locale_intlibspace.o(.text) refers to libspace.o(.bss) for __libspace_start
    _get_argv.o(.text) refers to heapext.o(.text) for __heap_extend
    _get_argv.o(.text) refers to defsig_rtmem_outer.o(.text) for __rt_SIGRTMEM
    _get_argv.o(.text) refers to sys_command.o(.text) for _sys_command_string
    _get_argv.o(.text) refers (Special) to hrguard.o(.text) for __heap_region_guard
    fpinit.o(x$fpl$fpinit) refers to rt_fp_status_addr_intlibspace.o(.text) for __rt_fp_status_addr
    sys_command.o(.text) refers (Special) to use_no_semi.o(.text) for __I_use_semihosting
    rt_fp_status_addr.o(.text) refers to rt_fp_status_addr.o(.bss) for __rt_fp_status_addr_data
    rt_fp_status_addr_intlibspace.o(.text) refers to libspace.o(.bss) for __libspace_start
    defsig_rtmem_outer.o(.text) refers to defsig_rtmem_inner.o(.text) for __rt_SIGRTMEM_inner
    defsig_rtmem_outer.o(.text) refers to defsig_exit.o(.text) for __sig_exit
    defsig_rtmem_formal.o(.text) refers to rt_raise.o(.text) for __rt_raise
    heapext.o(.text) refers to stkheap2.o(.text) for __rt_heap_extend
    rt_raise.o(.text) refers to __raise.o(.text) for __raise
    rt_raise.o(.text) refers to retarget.o(.text) for _sys_exit
    defsig.o(CL$$defsig) refers to defsig_rtmem_inner.o(.text) for __rt_SIGRTMEM_inner
    defsig_exit.o(.text) refers to retarget.o(.text) for _sys_exit
    defsig_rtmem_inner.o(.text) refers to defsig_general.o(.text) for __default_signal_display
    __raise.o(.text) refers to defsig.o(CL$$defsig) for __default_signal_handler
    defsig_general.o(.text) refers to retarget.o(.text) for _ttywrch
    defsig_abrt_inner.o(.text) refers to defsig_general.o(.text) for __default_signal_display
    defsig_fpe_inner.o(.text) refers to defsig_general.o(.text) for __default_signal_display
    defsig_rtred_inner.o(.text) refers to defsig_general.o(.text) for __default_signal_display
    defsig_stak_inner.o(.text) refers to defsig_general.o(.text) for __default_signal_display
    defsig_pvfn_inner.o(.text) refers to defsig_general.o(.text) for __default_signal_display
    defsig_cppl_inner.o(.text) refers to defsig_general.o(.text) for __default_signal_display
    defsig_segv_inner.o(.text) refers to defsig_general.o(.text) for __default_signal_display
    defsig_other.o(.text) refers to defsig_general.o(.text) for __default_signal_display


================================================================================

Image Symbol Table

    Local Symbols

    Symbol Name                              Value     Ov Type        Size  Object(Section)

    ../../angel/boardlib.s                   0x00000000   Number         0  boardinit1.o ABSOLUTE
    ../../angel/boardlib.s                   0x00000000   Number         0  boardinit2.o ABSOLUTE
    ../../angel/boardlib.s                   0x00000000   Number         0  boardinit3.o ABSOLUTE
    ../../angel/boardlib.s                   0x00000000   Number         0  boardshut.o ABSOLUTE
    ../../angel/boardlib.s                   0x00000000   Number         0  cpuinit.o ABSOLUTE
    ../../angel/dczerorl.s                   0x00000000   Number         0  __dczerorl.o ABSOLUTE
    ../../angel/handlers.s                   0x00000000   Number         0  __scatter_zi.o ABSOLUTE
    ../../angel/kernel.s                     0x00000000   Number         0  kernel.o ABSOLUTE
    ../../angel/rt.s                         0x00000000   Number         0  rt_stackheap_storage_intlibspace.o ABSOLUTE
    ../../angel/rt.s                         0x00000000   Number         0  rt_stackheap_storage.o ABSOLUTE
    ../../angel/rt.s                         0x00000000   Number         0  rt_raise.o ABSOLUTE
    ../../angel/rt.s                         0x00000000   Number         0  rt_fp_status_addr_intlibspace.o ABSOLUTE
    ../../angel/rt.s                         0x00000000   Number         0  rt_fp_status_addr.o ABSOLUTE
    ../../angel/rt.s                         0x00000000   Number         0  rt_locale.o ABSOLUTE
    ../../angel/rt.s                         0x00000000   Number         0  rt_locale_intlibspace.o ABSOLUTE
    ../../angel/scatter.s                    0x00000000   Number         0  __scatter.o ABSOLUTE
    ../../angel/startup.s                    0x00000000   Number         0  __main.o ABSOLUTE
    ../../angel/sys.s                        0x00000000   Number         0  sys_stackheap_outer.o ABSOLUTE
    ../../angel/sys.s                        0x00000000   Number         0  libspace.o ABSOLUTE
    ../../angel/sys.s                        0x00000000   Number         0  use_no_semi.o ABSOLUTE
    ../../angel/sysapp.c                     0x00000000   Number         0  sys_command.o ABSOLUTE
    ../../armsys.c                           0x00000000   Number         0  no_argv.o ABSOLUTE
    ../../armsys.c                           0x00000000   Number         0  lib_init.o ABSOLUTE
    ../../armsys.c                           0x00000000   Number         0  lib_init.o ABSOLUTE
    ../../armsys.c                           0x00000000   Number         0  _get_argv.o ABSOLUTE
    ../../fpinit.s                           0x00000000   Number         0  fpinit.o ABSOLUTE
    ../../heapalloc.c                        0x00000000   Number         0  hrguard.o ABSOLUTE
    ../../printf.c                           0x00000000   Number         0  _printf_input_char.o ABSOLUTE
    ../../printf.c                           0x00000000   Number         0  _printf_str.o ABSOLUTE
    ../../printf.c                           0x00000000   Number         0  __printf.o ABSOLUTE
    ../../printf.c                           0x00000000   Number         0  _printf_outstr_char.o ABSOLUTE
    ../../printf.c                           0x00000000   Number         0  __0printf.o ABSOLUTE
    ../../printf.c                           0x00000000   Number         0  _printf_char_common.o ABSOLUTE
    ../../signal.c                           0x00000000   Number         0  defsig_exit.o ABSOLUTE
    ../../signal.c                           0x00000000   Number         0  defsig_other.o ABSOLUTE
    ../../signal.c                           0x00000000   Number         0  defsig_segv_inner.o ABSOLUTE
    ../../signal.c                           0x00000000   Number         0  defsig_cppl_inner.o ABSOLUTE
    ../../signal.c                           0x00000000   Number         0  defsig_pvfn_inner.o ABSOLUTE
    ../../signal.c                           0x00000000   Number         0  defsig_stak_inner.o ABSOLUTE
    ../../signal.c                           0x00000000   Number         0  defsig_rtred_inner.o ABSOLUTE
    ../../signal.c                           0x00000000   Number         0  defsig_fpe_inner.o ABSOLUTE
    ../../signal.c                           0x00000000   Number         0  defsig_abrt_inner.o ABSOLUTE
    ../../signal.c                           0x00000000   Number         0  defsig_rtmem_outer.o ABSOLUTE
    ../../signal.c                           0x00000000   Number         0  defsig_general.o ABSOLUTE
    ../../signal.c                           0x00000000   Number         0  defsig_rtmem_inner.o ABSOLUTE
    ../../signal.c                           0x00000000   Number         0  __raise.o ABSOLUTE
    ../../signal.c                           0x00000000   Number         0  defsig_rtmem_formal.o ABSOLUTE
    ../../signal.s                           0x00000000   Number         0  defsig.o ABSOLUTE
    ../../stdlib.c                           0x00000000   Number         0  exit.o ABSOLUTE
    ../../stkheap.s                          0x00000000   Number         0  heapext.o ABSOLUTE
    ../../stkheap1.s                         0x00000000   Number         0  stkheap1.o ABSOLUTE
    ../../stkheap2.s                         0x00000000   Number         0  stkheap2.o ABSOLUTE
    DTMF.c                                   0x00000000   Number         0  dtmf.o ABSOLUTE
    LCD_4bit.c                               0x00000000   Number         0  lcd_4bit.o ABSOLUTE
    Main.c                                   0x00000000   Number         0  main.o ABSOLUTE
    Retarget.c                               0x00000000   Number         0  retarget.o ABSOLUTE
    STM32F10x.s                              0x00000000   Number         0  stm32f10x.o ABSOLUTE
    STM32_Init.c                             0x00000000   Number         0  stm32_init.o ABSOLUTE
    Serial.c                                 0x00000000   Number         0  serial.o ABSOLUTE
    T1Int.c                                  0x00000000   Number         0  t1int.o ABSOLUTE
    dc.s                                     0x00000000   Number         0  dc.o ABSOLUTE
    RESET                                    0x08000000   Section      236  stm32f10x.o(RESET)
    !!!main                                  0x080000ec   Section        8  __main.o(!!!main)
    !!!scatter                               0x080000f4   Section       52  __scatter.o(!!!scatter)
    !!dczerorl                               0x08000128   Section       58  __dczerorl.o(!!dczerorl)
    !!handler_zi                             0x08000164   Section       28  __scatter_zi.o(!!handler_zi)
    .emb_text                                0x08000180   Section        4  lib_init.o(.emb_text)
    .text                                    0x08000184   Section       52  stm32f10x.o(.text)
    .text                                    0x080001b8   Section      480  stm32_init.o(.text)
    stm32_UsartSetup                         0x080002b7   Thumb Code   172  stm32_init.o(.text)
    .text                                    0x08000398   Section       80  serial.o(.text)
    .text                                    0x080003e8   Section      436  main.o(.text)
    .text                                    0x0800059c   Section      952  dtmf.o(.text)
    Goertzel                                 0x0800059d   Thumb Code    86  dtmf.o(.text)
    GainControl                              0x080005f3   Thumb Code   158  dtmf.o(.text)
    chk_valid                                0x08000691   Thumb Code    70  dtmf.o(.text)
    DTMF_digit                               0x080006d7   Thumb Code   508  dtmf.o(.text)
    .text                                    0x08000954   Section       38  retarget.o(.text)
    .text                                    0x0800097c   Section       72  t1int.o(.text)
    .text                                    0x080009c4   Section      728  lcd_4bit.o(.text)
    delay                                    0x080009c5   Thumb Code    14  lcd_4bit.o(.text)
    lcd_read_status                          0x080009d3   Thumb Code   168  lcd_4bit.o(.text)
    wait_while_busy                          0x08000a7b   Thumb Code    20  lcd_4bit.o(.text)
    lcd_write_data                           0x08000afd   Thumb Code    34  lcd_4bit.o(.text)
    .text                                    0x08000c9c   Section        2  use_no_semi.o(.text)
    .text                                    0x08000ca0   Section      744  __printf.o(.text)
    .text                                    0x08000f88   Section       88  _printf_str.o(.text)
    .text                                    0x08000fe0   Section       52  __0printf.o(.text)
    .text                                    0x08001014   Section       38  stkheap2.o(.text)
    .text                                    0x0800103a   Section       62  kernel.o(.text)
    .text                                    0x08001078   Section       74  sys_stackheap_outer.o(.text)
    .text                                    0x080010c4   Section       12  rt_stackheap_storage_intlibspace.o(.text)
    .text                                    0x080010d0   Section       52  _printf_char_common.o(.text)
    .text                                    0x08001104   Section        8  libspace.o(.text)
    .text                                    0x0800110c   Section       26  _printf_outstr_char.o(.text)
    .text                                    0x08001126   Section       10  _printf_input_char.o(.text)
    .text                                    0x08001130   Section       12  exit.o(.text)
    .text                                    0x0800113c   Section      192  lib_init.o(.text)
    .text                                    0x080011fc   Section       10  boardinit2.o(.text)
    .text                                    0x08001206   Section        8  boardinit3.o(.text)
    .text                                    0x08001210   Section       12  rt_locale_intlibspace.o(.text)
    .text                                    0x0800121c   Section        2  no_argv.o(.text)
    .text                                    0x08001220   Section       12  rt_fp_status_addr_intlibspace.o(.text)
    x$fpl$fpinit                             0x0800122c   Section       14  fpinit.o(x$fpl$fpinit)
    .constdata                               0x0800123c   Section      128  lcd_4bit.o(.constdata)
    .constdata                               0x080012bc   Section       17  __printf.o(.constdata)
    maptable@__printf_0                      0x080012bc   Data          17  __printf.o(.constdata)
    .data                                    0x20000000   Section       36  main.o(.data)
    DTMFchar                                 0x20000000   Data          16  main.o(.data)
    disp_buf@digit_display_0                 0x20000010   Data          17  main.o(.data)
    .data                                    0x20000024   Section      532  dtmf.o(.data)
    .data                                    0x20000238   Section        4  retarget.o(.data)
    .bss                                     0x2000023c   Section      228  dtmf.o(.bss)
    DTMFin                                   0x2000023c   Data         228  dtmf.o(.bss)
    .bss                                     0x20000320   Section       96  libspace.o(.bss)
    HEAP                                     0x20000380   Number         0  stm32f10x.o(HEAP)
    STACK                                    0x20000380   Section      512  stm32f10x.o(STACK)
    Heap_Mem                                 0x20000380   Number         0  stm32f10x.o(HEAP)
    Stack_Mem                                0x20000380   Data         512  stm32f10x.o(STACK)
    __initial_sp                             0x20000580   Number         0  stm32f10x.o(STACK)

    Global Symbols

    Symbol Name                              Value     Ov Type        Size  Object(Section)

    BuildAttributes$$THM_ISAv4$M$P$D$K$S$PE$A:L22UL41UL21$X:L11$S22US41US21$IEEE1$IW$USESV6$~STKCKD$USESV7$~SHL$OSPACE$EBA8$STANDARDLIB$REQ8$PRES8$EABIv2 0x00000000   Number         0  anon$$obj.o ABSOLUTE
    __ARM_use_no_argv                        0x00000000   Number         0  main.o ABSOLUTE
    __ARM_exceptions_init                     - Undefined Weak Reference
    __Heap_DescSize                           - Undefined Weak Reference
    __alloca_initialize                       - Undefined Weak Reference
    __cpp_initialize__aeabi_                  - Undefined Weak Reference
    __cxa_finalize                            - Undefined Weak Reference
    __sigvec_lookup                           - Undefined Weak Reference
    __user_heap_extend                        - Undefined Weak Reference
    _atexit_init                              - Undefined Weak Reference
    _call_atexit_fns                          - Undefined Weak Reference
    _clock_init                               - Undefined Weak Reference
    _fp_trap_init                             - Undefined Weak Reference
    _get_lc_collate                           - Undefined Weak Reference
    _get_lc_ctype                             - Undefined Weak Reference
    _get_lc_monetary                          - Undefined Weak Reference
    _get_lc_numeric                           - Undefined Weak Reference
    _get_lc_time                              - Undefined Weak Reference
    _getenv_init                              - Undefined Weak Reference
    _handle_redirection                       - Undefined Weak Reference
    _init_alloc                               - Undefined Weak Reference
    _init_user_alloc                          - Undefined Weak Reference
    _initio                                   - Undefined Weak Reference
    _printf_charcount                         - Undefined Weak Reference
    _printf_fp_dec                            - Undefined Weak Reference
    _printf_fp_hex                            - Undefined Weak Reference
    _printf_int_dec                           - Undefined Weak Reference
    _printf_longlong_dec                      - Undefined Weak Reference
    _printf_longlong_hex                      - Undefined Weak Reference
    _printf_longlong_oct                      - Undefined Weak Reference
    _printf_mbtowc                            - Undefined Weak Reference
    _printf_post_padding                      - Undefined Weak Reference
    _printf_pre_padding                       - Undefined Weak Reference
    _printf_wc                                - Undefined Weak Reference
    _printf_wctomb                            - Undefined Weak Reference
    _rand_init                                - Undefined Weak Reference
    _signal_init                              - Undefined Weak Reference
    _terminate_user_alloc                     - Undefined Weak Reference
    _terminateio                              - Undefined Weak Reference
    __Vectors                                0x08000000   Data           4  stm32f10x.o(RESET)
    __main                                   0x080000ed   Thumb Code     8  __main.o(!!!main)
    __scatterload                            0x080000f5   Thumb Code     0  __scatter.o(!!!scatter)
    __scatterload_rt2                        0x080000f5   Thumb Code    44  __scatter.o(!!!scatter)
    __scatterload_rt2_thumb_only             0x080000f5   Thumb Code     0  __scatter.o(!!!scatter)
    __scatterload_null                       0x08000103   Thumb Code     0  __scatter.o(!!!scatter)
    __decompress                             0x08000129   Thumb Code    58  __dczerorl.o(!!dczerorl)
    __decompress0                            0x08000129   Thumb Code     0  __dczerorl.o(!!dczerorl)
    __scatterload_zeroinit                   0x08000165   Thumb Code    28  __scatter_zi.o(!!handler_zi)
    __ARM_argv_veneer                        0x08000181   Thumb Code     4  lib_init.o(.emb_text)
    Reset_Handler                            0x08000185   Thumb Code     4  stm32f10x.o(.text)
    NMI_Handler                              0x08000189   Thumb Code     2  stm32f10x.o(.text)
    HardFault_Handler                        0x0800018b   Thumb Code     2  stm32f10x.o(.text)
    MemManage_Handler                        0x0800018d   Thumb Code     2  stm32f10x.o(.text)
    BusFault_Handler                         0x0800018f   Thumb Code     2  stm32f10x.o(.text)
    UsageFault_Handler                       0x08000191   Thumb Code     2  stm32f10x.o(.text)
    SVC_Handler                              0x08000193   Thumb Code     2  stm32f10x.o(.text)
    DebugMon_Handler                         0x08000195   Thumb Code     2  stm32f10x.o(.text)
    PendSV_Handler                           0x08000197   Thumb Code     2  stm32f10x.o(.text)
    SysTick_Handler                          0x08000199   Thumb Code     2  stm32f10x.o(.text)
    ADC_IRQHandler                           0x0800019b   Thumb Code     0  stm32f10x.o(.text)
    CAN_RX1_IRQHandler                       0x0800019b   Thumb Code     0  stm32f10x.o(.text)
    CAN_SCE_IRQHandler                       0x0800019b   Thumb Code     0  stm32f10x.o(.text)
    DMAChannel1_IRQHandler                   0x0800019b   Thumb Code     0  stm32f10x.o(.text)
    DMAChannel2_IRQHandler                   0x0800019b   Thumb Code     0  stm32f10x.o(.text)
    DMAChannel3_IRQHandler                   0x0800019b   Thumb Code     0  stm32f10x.o(.text)
    DMAChannel4_IRQHandler                   0x0800019b   Thumb Code     0  stm32f10x.o(.text)
    DMAChannel5_IRQHandler                   0x0800019b   Thumb Code     0  stm32f10x.o(.text)
    DMAChannel6_IRQHandler                   0x0800019b   Thumb Code     0  stm32f10x.o(.text)
    DMAChannel7_IRQHandler                   0x0800019b   Thumb Code     0  stm32f10x.o(.text)
    EXTI0_IRQHandler                         0x0800019b   Thumb Code     0  stm32f10x.o(.text)
    EXTI15_10_IRQHandler                     0x0800019b   Thumb Code     0  stm32f10x.o(.text)
    EXTI1_IRQHandler                         0x0800019b   Thumb Code     0  stm32f10x.o(.text)
    EXTI2_IRQHandler                         0x0800019b   Thumb Code     0  stm32f10x.o(.text)
    EXTI3_IRQHandler                         0x0800019b   Thumb Code     0  stm32f10x.o(.text)
    EXTI4_IRQHandler                         0x0800019b   Thumb Code     0  stm32f10x.o(.text)
    EXTI9_5_IRQHandler                       0x0800019b   Thumb Code     0  stm32f10x.o(.text)
    FLASH_IRQHandler                         0x0800019b   Thumb Code     0  stm32f10x.o(.text)
    I2C1_ER_IRQHandler                       0x0800019b   Thumb Code     0  stm32f10x.o(.text)
    I2C1_EV_IRQHandler                       0x0800019b   Thumb Code     0  stm32f10x.o(.text)
    I2C2_ER_IRQHandler                       0x0800019b   Thumb Code     0  stm32f10x.o(.text)
    I2C2_EV_IRQHandler                       0x0800019b   Thumb Code     0  stm32f10x.o(.text)
    PVD_IRQHandler                           0x0800019b   Thumb Code     0  stm32f10x.o(.text)
    RCC_IRQHandler                           0x0800019b   Thumb Code     0  stm32f10x.o(.text)
    RTCAlarm_IRQHandler                      0x0800019b   Thumb Code     0  stm32f10x.o(.text)
    RTC_IRQHandler                           0x0800019b   Thumb Code     0  stm32f10x.o(.text)
    SPI1_IRQHandler                          0x0800019b   Thumb Code     0  stm32f10x.o(.text)
    SPI2_IRQHandler                          0x0800019b   Thumb Code     0  stm32f10x.o(.text)
    TAMPER_IRQHandler                        0x0800019b   Thumb Code     0  stm32f10x.o(.text)
    TIM1_BRK_IRQHandler                      0x0800019b   Thumb Code     0  stm32f10x.o(.text)
    TIM1_CC_IRQHandler                       0x0800019b   Thumb Code     0  stm32f10x.o(.text)
    TIM1_TRG_COM_IRQHandler                  0x0800019b   Thumb Code     0  stm32f10x.o(.text)
    TIM2_IRQHandler                          0x0800019b   Thumb Code     0  stm32f10x.o(.text)
    TIM3_IRQHandler                          0x0800019b   Thumb Code     0  stm32f10x.o(.text)
    TIM4_IRQHandler                          0x0800019b   Thumb Code     0  stm32f10x.o(.text)
    USART1_IRQHandler                        0x0800019b   Thumb Code     0  stm32f10x.o(.text)
    USART2_IRQHandler                        0x0800019b   Thumb Code     0  stm32f10x.o(.text)
    USART3_IRQHandler                        0x0800019b   Thumb Code     0  stm32f10x.o(.text)
    USBWakeUp_IRQHandler                     0x0800019b   Thumb Code     0  stm32f10x.o(.text)
    USB_HP_CAN_TX_IRQHandler                 0x0800019b   Thumb Code     0  stm32f10x.o(.text)
    USB_LP_CAN_RX0_IRQHandler                0x0800019b   Thumb Code     0  stm32f10x.o(.text)
    WWDG_IRQHandler                          0x0800019b   Thumb Code     0  stm32f10x.o(.text)
    __user_initial_stackheap                 0x0800019d   Thumb Code     0  stm32f10x.o(.text)
    stm32_Init                               0x080001b9   Thumb Code   246  stm32_init.o(.text)
    stm32_GetPCLK1                           0x080002af   Thumb Code     4  stm32_init.o(.text)
    stm32_GetPCLK2                           0x080002b3   Thumb Code     4  stm32_init.o(.text)
    sendchar                                 0x08000399   Thumb Code    50  serial.o(.text)
    getkey                                   0x080003cb   Thumb Code    26  serial.o(.text)
    adc_Init                                 0x080003e9   Thumb Code   160  main.o(.text)
    digit_display                            0x08000489   Thumb Code    24  main.o(.text)
    main                                     0x080004a1   Thumb Code   152  main.o(.text)
    DTMF_Detect                              0x080008d3   Thumb Code   108  dtmf.o(.text)
    fputc                                    0x08000955   Thumb Code    14  retarget.o(.text)
    ferror                                   0x08000963   Thumb Code     8  retarget.o(.text)
    _ttywrch                                 0x0800096b   Thumb Code    12  retarget.o(.text)
    _sys_exit                                0x08000977   Thumb Code     4  retarget.o(.text)
    TIM1_UP_IRQHandler                       0x0800097d   Thumb Code    54  t1int.o(.text)
    lcd_write_4bit                           0x08000a8f   Thumb Code    76  lcd_4bit.o(.text)
    lcd_write_cmd                            0x08000adb   Thumb Code    34  lcd_4bit.o(.text)
    lcd_putchar                              0x08000b1f   Thumb Code    12  lcd_4bit.o(.text)
    lcd_init                                 0x08000b2b   Thumb Code   158  lcd_4bit.o(.text)
    set_cursor                               0x08000bc9   Thumb Code    30  lcd_4bit.o(.text)
    lcd_clear                                0x08000be7   Thumb Code    18  lcd_4bit.o(.text)
    lcd_print                                0x08000bf9   Thumb Code    22  lcd_4bit.o(.text)
    lcd_bargraph                             0x08000c0f   Thumb Code    52  lcd_4bit.o(.text)
    lcd_bargraphXY                           0x08000c43   Thumb Code    64  lcd_4bit.o(.text)
    __I_use_semihosting                      0x08000c9d   Thumb Code     0  use_no_semi.o(.text)
    __use_no_semihosting_swi                 0x08000c9d   Thumb Code     2  use_no_semi.o(.text)
    __printf                                 0x08000ca1   Thumb Code   734  __printf.o(.text)
    _printf_return_value                     0x08000f7f   Thumb Code     2  __printf.o(.text)
    _printf_percent                          0x08000f81   Thumb Code     2  __printf.o(.text)
    _printf_sizespec                         0x08000f83   Thumb Code     2  __printf.o(.text)
    _printf_str                              0x08000f89   Thumb Code    88  _printf_str.o(.text)
    __0printf                                0x08000fe1   Thumb Code    42  __0printf.o(.text)
    __1printf                                0x08000fe1   Thumb Code     0  __0printf.o(.text)
    __use_two_region_memory                  0x08001015   Thumb Code     2  stkheap2.o(.text)
    __rt_stackheap_init                      0x08001017   Thumb Code    24  stkheap2.o(.text)
    __rt_heap_extend                         0x0800102f   Thumb Code    12  stkheap2.o(.text)
    __rt_entry                               0x0800103b   Thumb Code    36  kernel.o(.text)
    __rt_exit                                0x0800105f   Thumb Code    18  kernel.o(.text)
    __rt_abort                               0x08001071   Thumb Code     8  kernel.o(.text)
    __user_setup_stackheap                   0x08001079   Thumb Code    74  sys_stackheap_outer.o(.text)
    __rt_stackheap_storage                   0x080010c5   Thumb Code     6  rt_stackheap_storage_intlibspace.o(.text)
    _printf_char_common                      0x080010d1   Thumb Code    42  _printf_char_common.o(.text)
    __user_libspace                          0x08001105   Thumb Code     4  libspace.o(.text)
    __user_perproc_libspace                  0x08001105   Thumb Code     0  libspace.o(.text)
    __user_perthread_libspace                0x08001105   Thumb Code     0  libspace.o(.text)
    _printf_outstr_char                      0x0800110d   Thumb Code    26  _printf_outstr_char.o(.text)
    _printf_input_char                       0x08001127   Thumb Code    10  _printf_input_char.o(.text)
    exit                                     0x08001131   Thumb Code    12  exit.o(.text)
    __rt_lib_init                            0x0800113d   Thumb Code   174  lib_init.o(.text)
    __rt_lib_shutdown                        0x080011eb   Thumb Code    18  lib_init.o(.text)
    _platform_post_stackheap_init            0x080011fd   Thumb Code    10  boardinit2.o(.text)
    _platform_post_lib_init                  0x08001207   Thumb Code     8  boardinit3.o(.text)
    __rt_locale                              0x08001211   Thumb Code     6  rt_locale_intlibspace.o(.text)
    __ARM_get_argv                           0x0800121d   Thumb Code     2  no_argv.o(.text)
    __rt_fp_status_addr                      0x08001221   Thumb Code     6  rt_fp_status_addr_intlibspace.o(.text)
    _fp_init                                 0x0800122d   Thumb Code    14  fpinit.o(x$fpl$fpinit)
    __fplib_config_pureend_doubles           0x08001239   Thumb Code     0  fpinit.o(x$fpl$fpinit)
    SWAP_DATA                                0x0800123c   Data          64  lcd_4bit.o(.constdata)
    UserFont                                 0x0800127c   Data          64  lcd_4bit.o(.constdata)
    Region$$Table$$Base                      0x080012d0   Number         0  anon$$obj.o(Region$$Table)
    Region$$Table$$Limit                     0x080012f0   Number         0  anon$$obj.o(Region$$Table)
    ADC_ConvertedValue                       0x20000022   Data           2  main.o(.data)
    dail1                                    0x20000024   Data         532  dtmf.o(.data)
    __stdout                                 0x20000238   Data           4  retarget.o(.data)
    __libspace_start                         0x20000320   Data          96  libspace.o(.bss)
    __temporary_stack_top_libspace           0x20000380   Data           0  libspace.o(.bss)


================================================================================

Memory Map of the image

  Image Entry point : 0x080000ed

  Load Region LR_IROM1 (Base: 0x08000000, Size: 0x0000152c, Max: 0x00020000, ABSOLUTE, COMPRESSED[0x0000131c])

    Execution Region ER_IROM1 (Base: 0x08000000, Size: 0x000012f0, Max: 0x00020000, ABSOLUTE)

    Base Addr    Size         Type   Attr      Idx    E Section Name        Object

    0x08000000   0x000000ec   Data   RO            3    RESET               stm32f10x.o
    0x080000ec   0x00000008   Code   RO          231  * !!!main             __main.o(c_w.l)
    0x080000f4   0x00000034   Code   RO          327    !!!scatter          __scatter.o(c_w.l)
    0x08000128   0x0000003a   Code   RO          325    !!dczerorl          __dczerorl.o(c_w.l)
    0x08000162   0x00000002   PAD
    0x08000164   0x0000001c   Code   RO          329    !!handler_zi        __scatter_zi.o(c_w.l)
    0x08000180   0x00000004   Code   RO          256    .emb_text           lib_init.o(c_w.l)
    0x08000184   0x00000034   Code   RO            4    .text               stm32f10x.o
    0x080001b8   0x000001e0   Code   RO           11    .text               stm32_init.o
    0x08000398   0x00000050   Code   RO          111    .text               serial.o
    0x080003e8   0x000001b4   Code   RO          123    .text               main.o
    0x0800059c   0x000003b8   Code   RO          151    .text               dtmf.o
    0x08000954   0x00000026   Code   RO          168    .text               retarget.o
    0x0800097a   0x00000002   PAD
    0x0800097c   0x00000048   Code   RO          188    .text               t1int.o
    0x080009c4   0x000002d8   Code   RO          205    .text               lcd_4bit.o
    0x08000c9c   0x00000002   Code   RO          220    .text               use_no_semi.o(c_w.l)
    0x08000c9e   0x00000002   PAD
    0x08000ca0   0x000002e8   Code   RO          222    .text               __printf.o(c_w.l)
    0x08000f88   0x00000058   Code   RO          225    .text               _printf_str.o(c_w.l)
    0x08000fe0   0x00000034   Code   RO          227    .text               __0printf.o(c_w.l)
    0x08001014   0x00000026   Code   RO          229    .text               stkheap2.o(c_w.l)
    0x0800103a   0x0000003e   Code   RO          233    .text               kernel.o(c_w.l)
    0x08001078   0x0000004a   Code   RO          236    .text               sys_stackheap_outer.o(c_w.l)
    0x080010c2   0x00000002   PAD
    0x080010c4   0x0000000c   Code   RO          241    .text               rt_stackheap_storage_intlibspace.o(c_w.l)
    0x080010d0   0x00000034   Code   RO          243    .text               _printf_char_common.o(c_w.l)
    0x08001104   0x00000008   Code   RO          245    .text               libspace.o(c_w.l)
    0x0800110c   0x0000001a   Code   RO          248    .text               _printf_outstr_char.o(c_w.l)
    0x08001126   0x0000000a   Code   RO          250    .text               _printf_input_char.o(c_w.l)
    0x08001130   0x0000000c   Code   RO          252    .text               exit.o(c_w.l)
    0x0800113c   0x000000c0   Code   RO          257    .text               lib_init.o(c_w.l)
    0x080011fc   0x0000000a   Code   RO          262    .text               boardinit2.o(c_w.l)
    0x08001206   0x00000008   Code   RO          264    .text               boardinit3.o(c_w.l)
    0x0800120e   0x00000002   PAD
    0x08001210   0x0000000c   Code   RO          271    .text               rt_locale_intlibspace.o(c_w.l)
    0x0800121c   0x00000002   Code   RO          277    .text               no_argv.o(c_w.l)
    0x0800121e   0x00000002   PAD
    0x08001220   0x0000000c   Code   RO          286    .text               rt_fp_status_addr_intlibspace.o(c_w.l)
    0x0800122c   0x0000000e   Code   RO          279    x$fpl$fpinit        fpinit.o(fz_ws.l)
    0x0800123a   0x00000002   PAD
    0x0800123c   0x00000080   Data   RO          206    .constdata          lcd_4bit.o
    0x080012bc   0x00000011   Data   RO          223    .constdata          __printf.o(c_w.l)
    0x080012cd   0x00000003   PAD
    0x080012d0   0x00000020   Data   RO          324    Region$$Table       anon$$obj.o


    Execution Region RW_IRAM1 (Base: 0x20000000, Size: 0x00000580, Max: 0x00005000, ABSOLUTE, COMPRESSED[0x0000002c])

    Base Addr    Size         Type   Attr      Idx    E Section Name        Object

    0x20000000   0x00000024   Data   RW          124    .data               main.o
    0x20000024   0x00000214   Data   RW          152    .data               dtmf.o
    0x20000238   0x00000004   Data   RW          169    .data               retarget.o
    0x2000023c   0x000000e4   Zero   RW          153    .bss                dtmf.o
    0x20000320   0x00000060   Zero   RW          246    .bss                libspace.o(c_w.l)
    0x20000380   0x00000000   Zero   RW            2    HEAP                stm32f10x.o
    0x20000380   0x00000200   Zero   RW            1    STACK               stm32f10x.o


================================================================================

Image component sizes


      Code (inc. data)   RO Data    RW Data    ZI Data      Debug   Object Name

       952         22          0        532        228       3352   dtmf.o
       728         26        128          0          0       3718   lcd_4bit.o
       436        100          0         36          0       1323   main.o
        38          0          0          4          0       2206   retarget.o
        80          4          0          0          0        518   serial.o
       480         54          0          0          0       2375   stm32_init.o
        52         18        236          0        512       2232   stm32f10x.o
        72         18          0          0          0        365   t1int.o

    ------------------------------------------------------------------------
      2840        242        396        572        740      16092   Object Totals
         0          0         32          0          0          0   (incl. Generated)
         2          0          0          0          0          3   (incl. Padding)

    ------------------------------------------------------------------------

      Code (inc. data)   RO Data    RW Data    ZI Data      Debug   Library Member Name

        52         10          0          0          0          0   __0printf.o
        58          0          0          0          0          0   __dczerorl.o
         8          0          0          0          0          0   __main.o
       744          4         17          0          0          0   __printf.o
        52          8          0          0          0          0   __scatter.o
        28          0          0          0          0          0   __scatter_zi.o
        52         10          0          0          0          0   _printf_char_common.o
        10          0          0          0          0          0   _printf_input_char.o
        26          0          0          0          0          0   _printf_outstr_char.o
        88          0          0          0          0          0   _printf_str.o
        10          0          0          0          0          0   boardinit2.o
         8          0          0          0          0          0   boardinit3.o
        12          0          0          0          0          0   exit.o
        14          0          0          0          0          0   fpinit.o
        62          0          0          0          0          0   kernel.o
       196          0          0          0          0          0   lib_init.o
         8          4          0          0         96          0   libspace.o
         2          0          0          0          0          0   no_argv.o
        12          6          0          0          0          0   rt_fp_status_addr_intlibspace.o
        12          6          0          0          0          0   rt_locale_intlibspace.o
        12          6          0          0          0          0   rt_stackheap_storage_intlibspace.o
        38          0          0          0          0          0   stkheap2.o
        74          0          0          0          0          0   sys_stackheap_outer.o
         2          0          0          0          0          0   use_no_semi.o

    ------------------------------------------------------------------------
      1592         54         20          0         96          0   Library Totals
        12          0          3          0          0          0   (incl. Padding)

    ------------------------------------------------------------------------

      Code (inc. data)   RO Data    RW Data    ZI Data      Debug   Library Name

      1566         54         17          0         96          0   c_w.l
        14          0          0          0          0          0   fz_ws.l

    ------------------------------------------------------------------------
      1592         54         20          0         96          0   Library Totals

    ------------------------------------------------------------------------

================================================================================


      Code (inc. data)   RO Data    RW Data    ZI Data      Debug   

      4432        296        416        572        836      16092   Grand Totals
      4432        296        416         44        836      16092   ELF Image Totals (compressed)
      4432        296        416         44          0          0   ROM Totals

================================================================================

    Total RO  Size (Code + RO Data)                 4848 (   4.73kB)
    Total RW  Size (RW Data + ZI Data)              1408 (   1.38kB)
    Total ROM Size (Code + RO Data + RW Data)       4892 (   4.78kB)

================================================================================

