


ARM Macro Assembler    Page 1 


    1 00000000         ;/******************************************************
                       ***********************/
    2 00000000         ;/* NEST_IRQ.S: Wrapper for Nested Interrupt Functions  
                                             */
    3 00000000         ;/******************************************************
                       ***********************/
    4 00000000         
    5 00000000                 PRESERVE8
    6 00000000                 AREA             NEST_IRQ, CODE, READONLY
    7 00000000                 ARM
    8 00000000                 IMPORT           eint1_srv
    9 00000000                 EXPORT           eint1_irq
   10 00000000         eint1_irq
   11 00000000 E92D500F        PUSH             {R0-R3,R12,LR} ; save register 
                                                            context
   12 00000004 E14FE000        MRS              LR, SPSR    ; Copy SPSR_irq to 
                                                            LR
   13 00000008 E52DE004        PUSH             {LR}        ; Save SPSR_irq
   14 0000000C E321F01F        MSR              CPSR_c, #0x1F ; Enable IRQ (Sys
                                                             Mode)
   15 00000010 E52DE004        PUSH             {LR}        ; Save LR
   16 00000014         
   17 00000014 EBFFFFFE        BL               eint1_srv
   18 00000018         
   19 00000018 E49DE004        POP              {LR}        ; Restore LR
   20 0000001C E321F092        MSR              CPSR_c, #0x92 ; Disable IRQ (IR
                                                            Q Mode)
   21 00000020 E49DE004        POP              {LR}        ; Restore SPSR_irq 
                                                            to LR
   22 00000024 E16FF00E        MSR              SPSR_cxsf, LR ; Copy LR to SPSR
                                                            _irq
   23 00000028         
   24 00000028         ;               VICVectAddr = 0;                ; Acknow
                       ledge Interrupt
   25 00000028 E3A00000        MOV              R0,#0
   26 0000002C E5000FD0        STR              R0,[R0,#-0xFD0]
   27 00000030         
   28 00000030 E8BD500F        POP              {R0-R3,R12,LR} ; restore regist
                                                            er context
   29 00000034 E25EF004        SUBS             R15,R14,#0x0004 ; return from i
                                                            nterrupt
   30 00000038         
   31 00000038         
   32 00000038                 END
Command Line: --debug --xref --device=DARMP --apcs=interwork -onest_irq.o -IC:\
Keil\ARM\INC\Philips --list=nest_irq.lst nest_irq.s



ARM Macro Assembler    Page 1 Alphabetic symbol ordering
Relocatable symbols

NEST_IRQ 00000000

Symbol: NEST_IRQ
   Definitions
      At line 6 in file nest_irq.s
   Uses
      None
Comment: NEST_IRQ unused
eint1_irq 00000000

Symbol: eint1_irq
   Definitions
      At line 10 in file nest_irq.s
   Uses
      At line 9 in file nest_irq.s
Comment: eint1_irq used once
2 symbols



ARM Macro Assembler    Page 1 Alphabetic symbol ordering
Relocatable symbols

.debug_info$$$NEST_IRQ 00000000

Symbol: .debug_info$$$NEST_IRQ
   Definitions
      None
   Uses
      None
Warning: .debug_info$$$NEST_IRQ undefinedComment: .debug_info$$$NEST_IRQ unused
1 symbol



ARM Macro Assembler    Page 1 Alphabetic symbol ordering
Relocatable symbols

.debug_line$$$NEST_IRQ 00000000

Symbol: .debug_line$$$NEST_IRQ
   Definitions
      None
   Uses
      None
Warning: .debug_line$$$NEST_IRQ undefinedComment: .debug_line$$$NEST_IRQ unused
1 symbol



ARM Macro Assembler    Page 1 Alphabetic symbol ordering
Relocatable symbols

.debug_abbrev 00000000

Symbol: .debug_abbrev
   Definitions
      None
   Uses
      None
Warning: .debug_abbrev undefinedComment: .debug_abbrev unused
__ARM_asm.debug_abbrev 00000000

Symbol: __ARM_asm.debug_abbrev
   Definitions
      None
   Uses
      None
Warning: __ARM_asm.debug_abbrev undefinedComment: __ARM_asm.debug_abbrev unused
2 symbols



ARM Macro Assembler    Page 1 Alphabetic symbol ordering
External symbols

eint1_srv 00000000

Symbol: eint1_srv
   Definitions
      At line 8 in file nest_irq.s
   Uses
      At line 17 in file nest_irq.s
Comment: eint1_srv used once
1 symbol
326 symbols in table
