ARM Linker, RVCT3.1 [Build 939] for uVision [Standard]

================================================================================

Section Cross References

    startup.o(STACK) refers (Special) to stkheap2.o(.text) for __use_two_region_memory
    startup.o(HEAP) refers (Special) to stkheap2.o(.text) for __use_two_region_memory
    startup.o(RESET) refers to swi.o(SWI_Area) for SWI_Handler
    startup.o(RESET) refers to startup.o(STACK) for Stack_Top
    startup.o(RESET) refers to __main.o(!!!main) for __main
    startup.o(RESET) refers (Special) to stkheap2.o(.text) for __use_two_region_memory
    startup.o(.text) refers to startup.o(HEAP) for Heap_Mem
    startup.o(.text) refers to startup.o(STACK) for Stack_Mem
    startup.o(.text) refers (Special) to stkheap2.o(.text) for __use_two_region_memory
    main.o(.text) refers to sio.o(.text) for com_initialize
    main.o(.text) refers to __0printf.o(.text) for __1printf
    main.o(.text) refers to getc.o(.text) for getc
    main.o(.text) refers to retarget.o(.data) for __stdin
    main.o(.text) refers (Special) to __printf.o(.text) for _printf_percent
    main.o(.text) refers (Special) to _printf_str.o(.text) for _printf_str
    main.o(.constdata) refers (Special) to __printf.o(.text) for _printf_percent
    main.o(.constdata) refers (Special) to _printf_str.o(.text) for _printf_str
    retarget.o(.text) refers (Special) to use_no_semi.o(.text) for __use_no_semihosting_swi
    retarget.o(.data) refers (Special) to use_no_semi.o(.text) for __use_no_semihosting_swi
    sio.o(.text) refers to aeabi_sdiv.o(.text_udiv) for __aeabi_uidivmod
    sio.o(.text) refers to sio.o(.bss) for .bss
    sio.o(.text) refers to sio.o(.data) for .data
    swi.o(SWI_Area) refers to sio.o(.text) for __SWI_8
    __printf.o(.text) refers to callvia.o(.text) for __ARM_call_via_r1
    __printf.o(.text) refers (Weak) to _printf_str.o(.text) for _printf_str
    __printf.o(.text) refers to __printf.o(.constdata) for .constdata
    _printf_str.o(.text) refers to callvia.o(.text) for __ARM_call_via_r3
    __0printf.o(.text) refers to _printf_char_common.o(.text) for _printf_char_common
    __0printf.o(.text) refers to retarget.o(.text) for ferror
    __0printf.o(.text) refers to retarget.o(.data) for __stdout
    getc.o(.text) refers to retarget.o(.text) for fgetc
    aeabi_sdiv.o(.text_udiv) refers to aeabi_sdiv.o(.text) for __arm_div4
    aeabi_sdiv_div0.o(.text_udiv) refers to aeabi_sdiv_div0.o(.text) for __arm_div4
    stkheap2.o(.text) refers to sys_stackheap_outer.o(.text) for __user_setup_stackheap
    stkheap2.o(.text) refers to rt_stackheap_storage_intlibspace.o(.text) for __rt_stackheap_storage
    __main.o(!!!main) refers to kernel.o(.text) for __rt_entry
    kernel.o(.text) refers to stkheap2.o(.text) for __rt_stackheap_init
    kernel.o(.text) refers to boardinit2.o(.text) for _platform_post_stackheap_init
    kernel.o(.text) refers to lib_init.o(.text) for __rt_lib_init
    kernel.o(.text) refers to boardinit3.o(.text) for _platform_post_lib_init
    kernel.o(.text) refers to exit.o(.text) for exit
    kernel.o(.text) refers to main.o(.text) for main
    kernel.o(.text) refers to retarget.o(.text) for _sys_exit
    kernel.o(.ARM.exidx) refers to kernel.o(.text) for __rt_entry
    sys_stackheap_outer.o(.text) refers to libspace.o(.text) for __user_perproc_libspace
    sys_stackheap_outer.o(.text) refers to startup.o(.text) for __user_initial_stackheap
    aeabi_idiv0_sigfpe.o(.text) refers to rt_div0.o(.text) for __rt_div0
    rt_stackheap_storage.o(.text) refers to rt_stackheap_storage.o(.bss) for __rt_stackheap_storage_data
    rt_stackheap_storage_intlibspace.o(.text) refers to libspace.o(.bss) for __libspace_start
    _printf_char_common.o(.text) refers to __printf.o(.text) for __printf
    _printf_char_common.o(.text) refers to _printf_outstr_char.o(.text) for _printf_outstr_char
    _printf_char_common.o(.text) refers to _printf_input_char.o(.text) for _printf_input_char
    libspace.o(.text) refers to libspace.o(.bss) for __libspace_start
    rt_div0.o(.text) refers to defsig_fpe_outer.o(.text) for __rt_SIGFPE
    _printf_outstr_char.o(.text) refers to callvia.o(.text) for __ARM_call_via_r2
    exit.o(.text) refers to kernel.o(.text) for __rt_exit
    stkheap1.o(.text) refers to sys_stackheap_outer.o(.text) for __user_setup_stackheap
    stkheap1.o(.text) refers to rt_stackheap_storage_intlibspace.o(.text) for __rt_stackheap_storage
    lib_init.o(.emb_text) refers to no_argv.o(.text) for __ARM_get_argv
    lib_init.o(.text) refers to fpinit.o(x$fpl$fpinit) for _fp_init
    lib_init.o(.text) refers to lib_init.o(.emb_text) for __ARM_argv_veneer
    lib_init.o(.text) refers to rt_locale_intlibspace.o(.text) for __rt_locale
    rt_locale.o(.text) refers to rt_locale.o(.bss) for __rt_locale_data
    rt_locale_intlibspace.o(.text) refers to libspace.o(.bss) for __libspace_start
    defsig_fpe_outer.o(.text) refers to defsig_fpe_inner.o(.text) for __rt_SIGFPE_inner
    defsig_fpe_outer.o(.text) refers to defsig_exit.o(.text) for __sig_exit
    defsig_fpe_formal.o(.text) refers to rt_raise.o(.text) for __rt_raise
    _get_argv.o(.text) refers to heapext.o(.text) for __heap_extend
    _get_argv.o(.text) refers to defsig_rtmem_outer.o(.text) for __rt_SIGRTMEM
    _get_argv.o(.text) refers to sys_command.o(.text) for _sys_command_string
    _get_argv.o(.text) refers (Special) to hrguard.o(.text) for __heap_region_guard
    fpinit.o(x$fpl$fpinit) refers to rt_fp_status_addr_intlibspace.o(.text) for __rt_fp_status_addr
    sys_command.o(.text) refers (Special) to use_no_semi.o(.text) for __I_use_semihosting
    rt_raise.o(.text) refers to __raise.o(.text) for __raise
    rt_raise.o(.text) refers to retarget.o(.text) for _sys_exit
    rt_fp_status_addr.o(.text) refers to rt_fp_status_addr.o(.bss) for __rt_fp_status_addr_data
    rt_fp_status_addr_intlibspace.o(.text) refers to libspace.o(.bss) for __libspace_start
    defsig.o(CL$$defsig) refers to defsig_fpe_inner.o(.text) for __rt_SIGFPE_inner
    defsig.o(CL$$defsig) refers to defsig_rtmem_inner.o(.text) for __rt_SIGRTMEM_inner
    defsig_exit.o(.text) refers to retarget.o(.text) for _sys_exit
    defsig_fpe_inner.o(.text) refers to defsig_general.o(.text) for __default_signal_display
    defsig_rtmem_outer.o(.text) refers to defsig_rtmem_inner.o(.text) for __rt_SIGRTMEM_inner
    defsig_rtmem_outer.o(.text) refers to defsig_exit.o(.text) for __sig_exit
    defsig_rtmem_formal.o(.text) refers to rt_raise.o(.text) for __rt_raise
    heapext.o(.text) refers to stkheap2.o(.text) for __rt_heap_extend
    __raise.o(.text) refers to defsig.o(CL$$defsig) for __default_signal_handler
    __raise.o(.text) refers to callvia.o(.text) for __ARM_call_via_r2
    defsig_general.o(.text) refers to retarget.o(.text) for _ttywrch
    defsig_abrt_inner.o(.text) refers to defsig_general.o(.text) for __default_signal_display
    defsig_rtred_inner.o(.text) refers to defsig_general.o(.text) for __default_signal_display
    defsig_rtmem_inner.o(.text) refers to defsig_general.o(.text) for __default_signal_display
    defsig_stak_inner.o(.text) refers to defsig_general.o(.text) for __default_signal_display
    defsig_pvfn_inner.o(.text) refers to defsig_general.o(.text) for __default_signal_display
    defsig_cppl_inner.o(.text) refers to defsig_general.o(.text) for __default_signal_display
    defsig_segv_inner.o(.text) refers to defsig_general.o(.text) for __default_signal_display
    defsig_other.o(.text) refers to defsig_general.o(.text) for __default_signal_display


================================================================================

Removing Unused input sections from the image.

    Removing main.o(.constdata), (79 bytes).

1 unused section(s) (total 79 bytes) removed from the image.

================================================================================

Adding Veneers to the image

    Adding TA veneer (8 bytes, Short) for call to '__rt_exit' from exit.o(.text).
    Adding AT veneer (12 bytes, Long) for call to '__rt_lib_shutdown' from kernel.o(.text).
    Adding TA veneer (8 bytes, Short) for call to 'fgetc' from getc.o(.text).
    Adding TA veneer (8 bytes, Short) for call to 'ferror' from __0printf.o(.text).
    Adding TA veneer (4 bytes, Inline) for call to '_fp_init' from lib_init.o(.text).
    Adding TA veneer (4 bytes, Inline) for call to '__rt_locale' from lib_init.o(.text).
    Adding AT veneer (8 bytes, Inline) for call to '__rt_lib_init' from kernel.o(.text).
    Adding AT veneer (8 bytes, Inline) for call to 'getc' from main.o(.text).
    Adding AT veneer (8 bytes, Inline) for call to '__1printf' from main.o(.text).
    Adding TA veneer (4 bytes, Inline) for call to '__ARM_argv_veneer' from lib_init.o(.text).

10 Veneer(s) (total 72 bytes) added to the image.

================================================================================

Image Symbol Table

    Local Symbols

    Symbol Name                              Value     Ov Type        Size  Object(Section)

    RESET                                    0x00000000   Section      268  startup.o(RESET)
    ../../angel/boardlib.s                   0x00000000   Number         0  boardinit3.o ABSOLUTE
    ../../angel/boardlib.s                   0x00000000   Number         0  boardshut.o ABSOLUTE
    ../../angel/boardlib.s                   0x00000000   Number         0  boardinit1.o ABSOLUTE
    ../../angel/boardlib.s                   0x00000000   Number         0  boardinit2.o ABSOLUTE
    ../../angel/boardlib.s                   0x00000000   Number         0  cpuinit.o ABSOLUTE
    ../../angel/handlers.s                   0x00000000   Number         0  __scatter_copy.o ABSOLUTE
    ../../angel/handlers.s                   0x00000000   Number         0  __scatter_zi.o ABSOLUTE
    ../../angel/kernel.s                     0x00000000   Number         0  kernel.o ABSOLUTE
    ../../angel/rt.s                         0x00000000   Number         0  rt_locale.o ABSOLUTE
    ../../angel/rt.s                         0x00000000   Number         0  rt_stackheap_storage_intlibspace.o ABSOLUTE
    ../../angel/rt.s                         0x00000000   Number         0  rt_stackheap_storage.o ABSOLUTE
    ../../angel/rt.s                         0x00000000   Number         0  aeabi_idiv0_sigfpe.o ABSOLUTE
    ../../angel/rt.s                         0x00000000   Number         0  aeabi_idiv0.o ABSOLUTE
    ../../angel/rt.s                         0x00000000   Number         0  rt_div0.o ABSOLUTE
    ../../angel/rt.s                         0x00000000   Number         0  rt_fp_status_addr_intlibspace.o ABSOLUTE
    ../../angel/rt.s                         0x00000000   Number         0  rt_fp_status_addr.o ABSOLUTE
    ../../angel/rt.s                         0x00000000   Number         0  rt_raise.o ABSOLUTE
    ../../angel/rt.s                         0x00000000   Number         0  rt_locale_intlibspace.o ABSOLUTE
    ../../angel/scatter.s                    0x00000000   Number         0  __scatter.o ABSOLUTE
    ../../angel/startup.s                    0x00000000   Number         0  __main.o ABSOLUTE
    ../../angel/sys.s                        0x00000000   Number         0  use_no_semi.o ABSOLUTE
    ../../angel/sys.s                        0x00000000   Number         0  libspace.o ABSOLUTE
    ../../angel/sys.s                        0x00000000   Number         0  sys_stackheap_outer.o ABSOLUTE
    ../../angel/sysapp.c                     0x00000000   Number         0  sys_command.o ABSOLUTE
    ../../armsys.c                           0x00000000   Number         0  lib_init.o ABSOLUTE
    ../../armsys.c                           0x00000000   Number         0  lib_init.o ABSOLUTE
    ../../armsys.c                           0x00000000   Number         0  no_argv.o ABSOLUTE
    ../../armsys.c                           0x00000000   Number         0  _get_argv.o ABSOLUTE
    ../../division.s                         0x00000000   Number         0  aeabi_sdiv.o ABSOLUTE
    ../../division.s                         0x00000000   Number         0  aeabi_sdiv_div0.o ABSOLUTE
    ../../divrt.s                            0x00000000   Number         0  divrt_7tdmi_div0.o ABSOLUTE
    ../../divrt.s                            0x00000000   Number         0  divrt_7tdmi.o ABSOLUTE
    ../../fpinit.s                           0x00000000   Number         0  fpinit.o ABSOLUTE
    ../../heapalloc.c                        0x00000000   Number         0  hrguard.o ABSOLUTE
    ../../printf.c                           0x00000000   Number         0  _printf_outstr_char.o ABSOLUTE
    ../../printf.c                           0x00000000   Number         0  _printf_str.o ABSOLUTE
    ../../printf.c                           0x00000000   Number         0  __printf.o ABSOLUTE
    ../../printf.c                           0x00000000   Number         0  __0printf.o ABSOLUTE
    ../../printf.c                           0x00000000   Number         0  _printf_char_common.o ABSOLUTE
    ../../printf.c                           0x00000000   Number         0  _printf_input_char.o ABSOLUTE
    ../../signal.c                           0x00000000   Number         0  defsig_other.o ABSOLUTE
    ../../signal.c                           0x00000000   Number         0  defsig_segv_inner.o ABSOLUTE
    ../../signal.c                           0x00000000   Number         0  defsig_cppl_inner.o ABSOLUTE
    ../../signal.c                           0x00000000   Number         0  defsig_fpe_formal.o ABSOLUTE
    ../../signal.c                           0x00000000   Number         0  defsig_pvfn_inner.o ABSOLUTE
    ../../signal.c                           0x00000000   Number         0  __raise.o ABSOLUTE
    ../../signal.c                           0x00000000   Number         0  defsig_fpe_outer.o ABSOLUTE
    ../../signal.c                           0x00000000   Number         0  defsig_rtred_inner.o ABSOLUTE
    ../../signal.c                           0x00000000   Number         0  defsig_fpe_inner.o ABSOLUTE
    ../../signal.c                           0x00000000   Number         0  defsig_rtmem_outer.o ABSOLUTE
    ../../signal.c                           0x00000000   Number         0  defsig_rtmem_formal.o ABSOLUTE
    ../../signal.c                           0x00000000   Number         0  defsig_exit.o ABSOLUTE
    ../../signal.c                           0x00000000   Number         0  defsig_general.o ABSOLUTE
    ../../signal.c                           0x00000000   Number         0  defsig_abrt_inner.o ABSOLUTE
    ../../signal.c                           0x00000000   Number         0  defsig_rtmem_inner.o ABSOLUTE
    ../../signal.c                           0x00000000   Number         0  defsig_stak_inner.o ABSOLUTE
    ../../signal.s                           0x00000000   Number         0  defsig.o ABSOLUTE
    ../../stdio.c                            0x00000000   Number         0  getc.o ABSOLUTE
    ../../stdlib.c                           0x00000000   Number         0  exit.o ABSOLUTE
    ../../stkheap.s                          0x00000000   Number         0  heapext.o ABSOLUTE
    ../../stkheap1.s                         0x00000000   Number         0  stkheap1.o ABSOLUTE
    ../../stkheap2.s                         0x00000000   Number         0  stkheap2.o ABSOLUTE
    ../../unhosted.s                         0x00000000   Number         0  callvia.o ABSOLUTE
    Retarget.c                               0x00000000   Number         0  retarget.o ABSOLUTE
    SWI.s                                    0x00000000   Number         0  swi.o ABSOLUTE
    Startup.s                                0x00000000   Number         0  startup.o ABSOLUTE
    dc.s                                     0x00000000   Number         0  dc.o ABSOLUTE
    main.c                                   0x00000000   Number         0  main.o ABSOLUTE
    sio.c                                    0x00000000   Number         0  sio.o ABSOLUTE
    Undef_Handler                            0x00000040   ARM Code       4  startup.o(RESET)
    PAbt_Handler                             0x00000044   ARM Code       4  startup.o(RESET)
    DAbt_Handler                             0x00000048   ARM Code       4  startup.o(RESET)
    IRQ_Handler                              0x0000004c   ARM Code       4  startup.o(RESET)
    FIQ_Handler                              0x00000050   ARM Code       4  startup.o(RESET)
    !!!main                                  0x0000010c   Section        8  __main.o(!!!main)
    !!!scatter                               0x00000114   Section       60  __scatter.o(!!!scatter)
    !!handler_copy                           0x00000150   Section       40  __scatter_copy.o(!!handler_copy)
    !!handler_zi                             0x00000178   Section       44  __scatter_zi.o(!!handler_zi)
    .emb_text                                0x000001a8   Section       16  lib_init.o(.emb_text)
    .text                                    0x000001b8   Section       32  startup.o(.text)
    .text                                    0x000001d8   Section      176  main.o(.text)
    .text                                    0x00000288   Section      180  retarget.o(.text)
    .text                                    0x0000033c   Section      756  sio.o(.text)
    .text                                    0x00000630   Section        4  use_no_semi.o(.text)
    .text                                    0x00000634   Section      760  __printf.o(.text)
    .text                                    0x0000092c   Section       94  _printf_str.o(.text)
    .text                                    0x00000994   Section       56  __0printf.o(.text)
    .text                                    0x000009d4   Section       12  getc.o(.text)
    .text                                    0x000009e0   Section      384  aeabi_sdiv.o(.text)
    __arm_div8                               0x00000a0c   ARM Code       0  aeabi_sdiv.o(.text)
    __arm_div4                               0x00000a3c   ARM Code       0  aeabi_sdiv.o(.text)
    __arm_div_large                          0x00000a90   ARM Code       0  aeabi_sdiv.o(.text)
    .text                                    0x00000b60   Section       64  stkheap2.o(.text)
    .text                                    0x00000ba0   Section      104  kernel.o(.text)
    .text                                    0x00000c08   Section       96  sys_stackheap_outer.o(.text)
    .text                                    0x00000c68   Section       16  rt_stackheap_storage_intlibspace.o(.text)
    .text                                    0x00000c78   Section       52  _printf_char_common.o(.text)
    .text                                    0x00000cac   Section       16  callvia.o(.text)
    .text                                    0x00000cbc   Section       12  libspace.o(.text)
    .text                                    0x00000cc8   Section       32  _printf_outstr_char.o(.text)
    .text                                    0x00000ce8   Section       10  _printf_input_char.o(.text)
    .text                                    0x00000cf2   Section       12  exit.o(.text)
    .text                                    0x00000d08   Section      206  lib_init.o(.text)
    .text                                    0x00000dd8   Section       12  boardinit2.o(.text)
    .text                                    0x00000de4   Section       16  boardinit3.o(.text)
    .text                                    0x00000df8   Section       16  rt_locale_intlibspace.o(.text)
    .text                                    0x00000e08   Section        6  no_argv.o(.text)
    .text                                    0x00000e10   Section       16  rt_fp_status_addr_intlibspace.o(.text)
    .text_udiv                               0x00000e20   Section       28  aeabi_sdiv.o(.text_udiv)
    SWI_Area                                 0x00000e3c   Section      120  swi.o(SWI_Area)
    SWI_Dead                                 0x00000e84   ARM Code       4  swi.o(SWI_Area)
    x$fpl$fpinit                             0x00000edc   Section       24  fpinit.o(x$fpl$fpinit)
    .constdata                               0x00000ef4   Section       17  __printf.o(.constdata)
    maptable@__printf_0                      0x00000ef4   Data          17  __printf.o(.constdata)
    .data                                    0x40000000   Section        8  retarget.o(.data)
    .data                                    0x40000008   Section        4  sio.o(.data)
    tx_restart                               0x40000008   Data           4  sio.o(.data)
    .bss                                     0x4000000c   Section      528  sio.o(.bss)
    rbuf                                     0x4000000c   Data         264  sio.o(.bss)
    tbuf                                     0x40000114   Data         264  sio.o(.bss)
    .bss                                     0x4000021c   Section       96  libspace.o(.bss)
    HEAP                                     0x40000280   Number         0  startup.o(HEAP)
    STACK                                    0x40000280   Section     1160  startup.o(STACK)
    Heap_Mem                                 0x40000280   Number         0  startup.o(HEAP)
    Stack_Mem                                0x40000280   Data        1160  startup.o(STACK)
    Stack_Top                                0x40000708   Number         0  startup.o(STACK)

    Global Symbols

    Symbol Name                              Value     Ov Type        Size  Object(Section)

    BuildAttributes$$THM_ISAv1$ARM_ISAv4$M$S$PE$A:L22$X:L11$S22$IEEE1$IW$USESV6$~STKCKD$USESV7$~SHL$OSPACE$EBA8$STANDARDLIB$REQ8$PRES8$EABIv2 0x00000000   Number         0  anon$$obj.o ABSOLUTE
    __ARM_use_no_argv                        0x00000000   Number         0  main.o ABSOLUTE
    __ARM_exceptions_init                     - Undefined Weak Reference
    __Heap_DescSize                           - Undefined Weak Reference
    __alloca_initialize                       - Undefined Weak Reference
    __cpp_initialize__aeabi_                  - Undefined Weak Reference
    __cxa_finalize                            - Undefined Weak Reference
    __sigvec_lookup                           - Undefined Weak Reference
    __user_heap_extend                        - Undefined Weak Reference
    _atexit_init                              - Undefined Weak Reference
    _call_atexit_fns                          - Undefined Weak Reference
    _clock_init                               - Undefined Weak Reference
    _fp_trap_init                             - Undefined Weak Reference
    _get_lc_collate                           - Undefined Weak Reference
    _get_lc_ctype                             - Undefined Weak Reference
    _get_lc_monetary                          - Undefined Weak Reference
    _get_lc_numeric                           - Undefined Weak Reference
    _get_lc_time                              - Undefined Weak Reference
    _getenv_init                              - Undefined Weak Reference
    _handle_redirection                       - Undefined Weak Reference
    _init_alloc                               - Undefined Weak Reference
    _init_user_alloc                          - Undefined Weak Reference
    _initio                                   - Undefined Weak Reference
    _printf_charcount                         - Undefined Weak Reference
    _printf_fp_dec                            - Undefined Weak Reference
    _printf_fp_hex                            - Undefined Weak Reference
    _printf_int_dec                           - Undefined Weak Reference
    _printf_longlong_dec                      - Undefined Weak Reference
    _printf_longlong_hex                      - Undefined Weak Reference
    _printf_longlong_oct                      - Undefined Weak Reference
    _printf_mbtowc                            - Undefined Weak Reference
    _printf_post_padding                      - Undefined Weak Reference
    _printf_pre_padding                       - Undefined Weak Reference
    _printf_wc                                - Undefined Weak Reference
    _printf_wctomb                            - Undefined Weak Reference
    _rand_init                                - Undefined Weak Reference
    _signal_init                              - Undefined Weak Reference
    _terminate_user_alloc                     - Undefined Weak Reference
    _terminateio                              - Undefined Weak Reference
    Reset_Handler                            0x00000054   ARM Code       0  startup.o(RESET)
    __main                                   0x0000010c   ARM Code       8  __main.o(!!!main)
    __scatterload                            0x00000114   ARM Code       0  __scatter.o(!!!scatter)
    __scatterload_rt2                        0x00000114   ARM Code      52  __scatter.o(!!!scatter)
    __scatterload_null                       0x00000128   ARM Code       0  __scatter.o(!!!scatter)
    __scatterload_copy                       0x00000150   ARM Code      40  __scatter_copy.o(!!handler_copy)
    __scatterload_zeroinit                   0x00000178   ARM Code      44  __scatter_zi.o(!!handler_zi)
    Inline Thumb to ARM Veneer to __ARM_argv_veneer 0x000001a5   Thumb Code     0  lib_init.o(.emb_text)
    __ARM_argv_veneer                        0x000001a8   ARM Code      16  lib_init.o(.emb_text)
    __user_initial_stackheap                 0x000001b8   ARM Code       0  startup.o(.text)
    main                                     0x000001d8   ARM Code      84  main.o(.text)
    fputc                                    0x00000288   ARM Code      64  retarget.o(.text)
    fgetc                                    0x000002c8   ARM Code      40  retarget.o(.text)
    ferror                                   0x000002f0   ARM Code      12  retarget.o(.text)
    _ttywrch                                 0x000002fc   ARM Code      56  retarget.o(.text)
    _sys_exit                                0x00000334   ARM Code       8  retarget.o(.text)
    sio_irq                                  0x0000033c   ARM Code     296  sio.o(.text)
    com_baudrate                             0x00000464   ARM Code      84  sio.o(.text)
    com_initialize                           0x000004b8   ARM Code     144  sio.o(.text)
    __SWI_8                                  0x00000548   ARM Code     128  sio.o(.text)
    __SWI_9                                  0x000005c8   ARM Code      76  sio.o(.text)
    __I_use_semihosting                      0x00000630   ARM Code       0  use_no_semi.o(.text)
    __use_no_semihosting_swi                 0x00000630   ARM Code       4  use_no_semi.o(.text)
    __printf                                 0x00000635   Thumb Code   748  __printf.o(.text)
    _printf_return_value                     0x00000921   Thumb Code     2  __printf.o(.text)
    _printf_percent                          0x00000923   Thumb Code     2  __printf.o(.text)
    _printf_sizespec                         0x00000925   Thumb Code     2  __printf.o(.text)
    _printf_str                              0x0000092d   Thumb Code    94  _printf_str.o(.text)
    Inline ARM to Thumb Veneer to __1printf  0x0000098c   ARM Code       0  __0printf.o(.text)
    __0printf                                0x00000995   Thumb Code    46  __0printf.o(.text)
    __1printf                                0x00000995   Thumb Code     0  __0printf.o(.text)
    Inline ARM to Thumb Veneer to getc       0x000009cc   ARM Code       0  getc.o(.text)
    getc                                     0x000009d5   Thumb Code    12  getc.o(.text)
    __aeabi_idiv                             0x000009e0   ARM Code       0  aeabi_sdiv.o(.text)
    __aeabi_idivmod                          0x000009e0   ARM Code     384  aeabi_sdiv.o(.text)
    __use_two_region_memory                  0x00000b60   ARM Code       4  stkheap2.o(.text)
    __rt_stackheap_init                      0x00000b64   ARM Code      36  stkheap2.o(.text)
    __rt_heap_extend                         0x00000b88   ARM Code      24  stkheap2.o(.text)
    __rt_entry                               0x00000ba0   ARM Code      76  kernel.o(.text)
    __rt_exit                                0x00000bec   ARM Code      20  kernel.o(.text)
    __rt_abort                               0x00000c00   ARM Code       8  kernel.o(.text)
    __user_setup_stackheap                   0x00000c08   ARM Code      96  sys_stackheap_outer.o(.text)
    __rt_stackheap_storage                   0x00000c68   ARM Code      12  rt_stackheap_storage_intlibspace.o(.text)
    _printf_char_common                      0x00000c79   Thumb Code    44  _printf_char_common.o(.text)
    __ARM_call_via_r0                        0x00000cad   Thumb Code     2  callvia.o(.text)
    __call_via_r0                            0x00000cad   Thumb Code     0  callvia.o(.text)
    __ARM_call_via_r1                        0x00000caf   Thumb Code     2  callvia.o(.text)
    __call_via_r1                            0x00000caf   Thumb Code     0  callvia.o(.text)
    __ARM_call_via_r2                        0x00000cb1   Thumb Code     2  callvia.o(.text)
    __call_via_r2                            0x00000cb1   Thumb Code     0  callvia.o(.text)
    __ARM_call_via_r3                        0x00000cb3   Thumb Code     2  callvia.o(.text)
    __call_via_r3                            0x00000cb3   Thumb Code     0  callvia.o(.text)
    __ARM_call_via_r4                        0x00000cb5   Thumb Code     2  callvia.o(.text)
    __call_via_r4                            0x00000cb5   Thumb Code     0  callvia.o(.text)
    __ARM_call_via_r5                        0x00000cb7   Thumb Code     2  callvia.o(.text)
    __call_via_r5                            0x00000cb7   Thumb Code     0  callvia.o(.text)
    __ARM_call_via_r6                        0x00000cb9   Thumb Code     2  callvia.o(.text)
    __call_via_r6                            0x00000cb9   Thumb Code     0  callvia.o(.text)
    __ARM_call_via_r7                        0x00000cbb   Thumb Code     2  callvia.o(.text)
    __call_via_r7                            0x00000cbb   Thumb Code     0  callvia.o(.text)
    __user_libspace                          0x00000cbc   ARM Code       8  libspace.o(.text)
    __user_perproc_libspace                  0x00000cbc   ARM Code       0  libspace.o(.text)
    __user_perthread_libspace                0x00000cbc   ARM Code       0  libspace.o(.text)
    _printf_outstr_char                      0x00000cc9   Thumb Code    32  _printf_outstr_char.o(.text)
    _printf_input_char                       0x00000ce9   Thumb Code    10  _printf_input_char.o(.text)
    exit                                     0x00000cf3   Thumb Code    12  exit.o(.text)
    Inline ARM to Thumb Veneer to __rt_lib_init 0x00000d00   ARM Code       0  lib_init.o(.text)
    __rt_lib_init                            0x00000d09   Thumb Code   184  lib_init.o(.text)
    __rt_lib_shutdown                        0x00000dc1   Thumb Code    22  lib_init.o(.text)
    _platform_post_stackheap_init            0x00000dd8   ARM Code      12  boardinit2.o(.text)
    _platform_post_lib_init                  0x00000de4   ARM Code      16  boardinit3.o(.text)
    Inline Thumb to ARM Veneer to __rt_locale 0x00000df5   Thumb Code     0  rt_locale_intlibspace.o(.text)
    __rt_locale                              0x00000df8   ARM Code      12  rt_locale_intlibspace.o(.text)
    __ARM_get_argv                           0x00000e09   Thumb Code     6  no_argv.o(.text)
    __rt_fp_status_addr                      0x00000e10   ARM Code      12  rt_fp_status_addr_intlibspace.o(.text)
    __aeabi_uidiv                            0x00000e20   ARM Code       0  aeabi_sdiv.o(.text_udiv)
    __aeabi_uidivmod                         0x00000e20   ARM Code      28  aeabi_sdiv.o(.text_udiv)
    SWI_Handler                              0x00000e3c   ARM Code       0  swi.o(SWI_Area)
    Short Thumb to ARM Veneer to ferror      0x00000eb5   Thumb Code     0  anon$$obj.o(Veneer$$Code)
    Short Thumb to ARM Veneer to fgetc       0x00000ebd   Thumb Code     0  anon$$obj.o(Veneer$$Code)
    Long ARM to Thumb Veneer to __rt_lib_shutdown 0x00000ec4   ARM Code       0  anon$$obj.o(Veneer$$Code)
    Short Thumb to ARM Veneer to __rt_exit   0x00000ed1   Thumb Code     0  anon$$obj.o(Veneer$$Code)
    Inline Thumb to ARM Veneer to _fp_init   0x00000ed9   Thumb Code     0  fpinit.o(x$fpl$fpinit)
    _fp_init                                 0x00000edc   ARM Code      24  fpinit.o(x$fpl$fpinit)
    __fplib_config_pureend_doubles           0x00000eec   ARM Code       0  fpinit.o(x$fpl$fpinit)
    Region$$Table$$Base                      0x00000f08   Number         0  anon$$obj.o(Region$$Table)
    Region$$Table$$Limit                     0x00000f28   Number         0  anon$$obj.o(Region$$Table)
    __stdout                                 0x40000000   Data           4  retarget.o(.data)
    __stdin                                  0x40000004   Data           4  retarget.o(.data)
    __libspace_start                         0x4000021c   Data          96  libspace.o(.bss)
    __temporary_stack_top_libspace           0x4000027c   Number         0  libspace.o(.bss)


================================================================================

Memory Map of the image

  Image Entry point : 0x0000010c

  Load Region LR_IROM1 (Base: 0x00000000, Size: 0x00000f34, Max: 0x00040000, ABSOLUTE)

    Execution Region ER_IROM1 (Base: 0x00000000, Size: 0x00000f28, Max: 0x00040000, ABSOLUTE)

    Base Addr    Size         Type   Attr      Idx    E Section Name        Object

    0x00000000   0x0000010c   Code   RO            3    RESET               startup.o
    0x0000010c   0x00000008   Code   RO          110  * !!!main             __main.o(c_t.l)
    0x00000114   0x0000003c   Code   RO          215    !!!scatter          __scatter.o(c_t.l)
    0x00000150   0x00000028   Code   RO          217    !!handler_copy      __scatter_copy.o(c_t.l)
    0x00000178   0x0000002c   Code   RO          219    !!handler_zi        __scatter_zi.o(c_t.l)
    0x000001a4   0x00000004   Ven    RO          142    .emb_text           lib_init.o(c_t.l)
    0x000001a8   0x00000010   Code   RO          142    .emb_text           lib_init.o(c_t.l)
    0x000001b8   0x00000020   Code   RO            4    .text               startup.o
    0x000001d8   0x000000b0   Code   RO           12    .text               main.o
    0x00000288   0x000000b4   Code   RO           36    .text               retarget.o
    0x0000033c   0x000002f4   Code   RO           56    .text               sio.o
    0x00000630   0x00000004   Code   RO           81    .text               use_no_semi.o(c_t.l)
    0x00000634   0x000002f8   Code   RO           83    .text               __printf.o(c_t.l)
    0x0000092c   0x0000005e   Code   RO           86    .text               _printf_str.o(c_t.l)
    0x0000098a   0x00000002   PAD
    0x0000098c   0x00000008   Ven    RO           88    .text               __0printf.o(c_t.l)
    0x00000994   0x00000038   Code   RO           88    .text               __0printf.o(c_t.l)
    0x000009cc   0x00000008   Ven    RO           90    .text               getc.o(c_t.l)
    0x000009d4   0x0000000c   Code   RO           90    .text               getc.o(c_t.l)
    0x000009e0   0x00000180   Code   RO           92    .text               aeabi_sdiv.o(c_t.l)
    0x00000b60   0x00000040   Code   RO          108    .text               stkheap2.o(c_t.l)
    0x00000ba0   0x00000068   Code   RO          112    .text               kernel.o(c_t.l)
    0x00000c08   0x00000060   Code   RO          115    .text               sys_stackheap_outer.o(c_t.l)
    0x00000c68   0x00000010   Code   RO          124    .text               rt_stackheap_storage_intlibspace.o(c_t.l)
    0x00000c78   0x00000034   Code   RO          126    .text               _printf_char_common.o(c_t.l)
    0x00000cac   0x00000010   Code   RO          128    .text               callvia.o(h_t.l)
    0x00000cbc   0x0000000c   Code   RO          129    .text               libspace.o(c_t.l)
    0x00000cc8   0x00000020   Code   RO          134    .text               _printf_outstr_char.o(c_t.l)
    0x00000ce8   0x0000000a   Code   RO          136    .text               _printf_input_char.o(c_t.l)
    0x00000cf2   0x0000000c   Code   RO          138    .text               exit.o(c_t.l)
    0x00000cfe   0x00000002   PAD
    0x00000d00   0x00000008   Ven    RO          143    .text               lib_init.o(c_t.l)
    0x00000d08   0x000000ce   Code   RO          143    .text               lib_init.o(c_t.l)
    0x00000dd6   0x00000002   PAD
    0x00000dd8   0x0000000c   Code   RO          148    .text               boardinit2.o(c_t.l)
    0x00000de4   0x00000010   Code   RO          150    .text               boardinit3.o(c_t.l)
    0x00000df4   0x00000004   Ven    RO          157    .text               rt_locale_intlibspace.o(c_t.l)
    0x00000df8   0x00000010   Code   RO          157    .text               rt_locale_intlibspace.o(c_t.l)
    0x00000e08   0x00000006   Code   RO          167    .text               no_argv.o(c_t.l)
    0x00000e0e   0x00000002   PAD
    0x00000e10   0x00000010   Code   RO          178    .text               rt_fp_status_addr_intlibspace.o(c_t.l)
    0x00000e20   0x0000001c   Code   RO           93    .text_udiv          aeabi_sdiv.o(c_t.l)
    0x00000e3c   0x00000078   Code   RO           76    SWI_Area            swi.o
    0x00000eb4   0x00000008   Ven    RO          227    Veneer$$Code        anon$$obj.o
    0x00000ebc   0x00000008   Ven    RO          228    Veneer$$Code        anon$$obj.o
    0x00000ec4   0x0000000c   Ven    RO          229    Veneer$$Code        anon$$obj.o
    0x00000ed0   0x00000008   Ven    RO          230    Veneer$$Code        anon$$obj.o
    0x00000ed8   0x00000004   Ven    RO          169    x$fpl$fpinit        fpinit.o(fz_ts.l)
    0x00000edc   0x00000018   Code   RO          169    x$fpl$fpinit        fpinit.o(fz_ts.l)
    0x00000ef4   0x00000011   Data   RO           84    .constdata          __printf.o(c_t.l)
    0x00000f05   0x00000003   PAD
    0x00000f08   0x00000020   Data   RO          214    Region$$Table       anon$$obj.o


    Execution Region RW_IRAM1 (Base: 0x40000000, Size: 0x00000708, Max: 0x00004000, ABSOLUTE)

    Base Addr    Size         Type   Attr      Idx    E Section Name        Object

    0x40000000   0x00000008   Data   RW           37    .data               retarget.o
    0x40000008   0x00000004   Data   RW           57    .data               sio.o
    0x4000000c   0x00000210   Zero   RW           58    .bss                sio.o
    0x4000021c   0x00000060   Zero   RW          130    .bss                libspace.o(c_t.l)
    0x4000027c   0x00000004   PAD
    0x40000280   0x00000000   Zero   RW            2    HEAP                startup.o
    0x40000280   0x00000488   Zero   RW            1    STACK               startup.o


================================================================================

Image component sizes


      Code (inc. data)   RO Data    RW Data    ZI Data      Debug   Object Name

       176         92          0          0          0       3775   main.o
       180          0          0          8          0       2548   retarget.o
       756         28          0          4        528       1902   sio.o
       300         60          0          0       1160        456   startup.o
       120         44          0          0          0        192   swi.o

    ------------------------------------------------------------------------
      1568        228         32         12       1688       8876   Object Totals
        36          4         32          0          0          0   (incl. Generated)
         0          0          0          0          0          3   (incl. Padding)

    ------------------------------------------------------------------------

      Code (inc. data)   RO Data    RW Data    ZI Data      Debug   Library Member Name

        64         10          0          0          0          0   __0printf.o
         8          0          0          0          0          0   __main.o
       760          6         17          0          0          0   __printf.o
        60          8          0          0          0          0   __scatter.o
        40          0          0          0          0          0   __scatter_copy.o
        44          0          0          0          0          0   __scatter_zi.o
        52          8          0          0          0          0   _printf_char_common.o
        10          0          0          0          0          0   _printf_input_char.o
        32          0          0          0          0          0   _printf_outstr_char.o
        94          0          0          0          0          0   _printf_str.o
       412          0          0          0          0          0   aeabi_sdiv.o
        12          0          0          0          0          0   boardinit2.o
        16          0          0          0          0          0   boardinit3.o
        16          0          0          0          0          0   callvia.o
        12          0          0          0          0          0   exit.o
        28          0          0          0          0          0   fpinit.o
        20          0          0          0          0          0   getc.o
       104          4          0          0          0          0   kernel.o
       234          4          0          0          0          0   lib_init.o
        12          4          0          0         96          0   libspace.o
         6          0          0          0          0          0   no_argv.o
        16          4          0          0          0          0   rt_fp_status_addr_intlibspace.o
        20          4          0          0          0          0   rt_locale_intlibspace.o
        16          4          0          0          0          0   rt_stackheap_storage_intlibspace.o
        64          0          0          0          0          0   stkheap2.o
        96          0          0          0          0          0   sys_stackheap_outer.o
         4          0          0          0          0          0   use_no_semi.o

    ------------------------------------------------------------------------
      2260         56         20          0        100          0   Library Totals
         8          0          3          0          4          0   (incl. Padding)

    ------------------------------------------------------------------------

      Code (inc. data)   RO Data    RW Data    ZI Data      Debug   Library Name

      2208         56         17          0         96          0   c_t.l
        28          0          0          0          0          0   fz_ts.l
        16          0          0          0          0          0   h_t.l

    ------------------------------------------------------------------------
      2260         56         20          0        100          0   Library Totals

    ------------------------------------------------------------------------

================================================================================


      Code (inc. data)   RO Data    RW Data    ZI Data      Debug   

      3828        284         52         12       1788       8876   Grand Totals
      3828        284         52         12       1788       8876   ELF Image Totals
      3828        284         52         12          0          0   ROM Totals

================================================================================

    Total RO  Size (Code + RO Data)                 3880 (   3.79kB)
    Total RW  Size (RW Data + ZI Data)              1800 (   1.76kB)
    Total ROM Size (Code + RO Data + RW Data)       3892 (   3.80kB)

================================================================================

