ARM Linker, RVCT3.1 [Build 939] for uVision [Standard]

================================================================================

Section Cross References

    stm32f10x.o(RESET) refers to stm32f10x.o(STACK) for __initial_sp
    stm32f10x.o(RESET) refers to stm32f10x.o(.text) for Reset_Handler
    stm32f10x.o(RESET) refers to usart.o(.text) for USART1_IRQHandler
    stm32f10x.o(.text) refers to entry.o($$startup$$) for __main
    retarget.o(.text) refers to usart.o(.text) for SendChar
    usart.o(.text) refers to stm32_init.o(.text) for stm32_Init
    usart.o(.text) refers to printf2.o(i.__0printf_2) for __1printf
    usart.o(.text) refers to getc.o(.text) for getc
    usart.o(.text) refers to usart.o(.bss) for .bss
    usart.o(.text) refers to usart.o(.data) for .data
    usart.o(.text) refers to retarget.o(.data) for __stdin
    usart.o(.text) refers (Special) to stubs.o(c$$printf_stubs) for _printf_percent
    usart.o(.data) refers (Special) to stubs.o(c$$printf_stubs) for _printf_percent
    usart.o(.bss) refers (Special) to stubs.o(c$$printf_stubs) for _printf_percent
    entry.o($$startup$$) refers to init.o(.text) for __init
    entry.o($$startup$$) refers to stm32f10x.o(STACK) for __initial_sp
    entry.o(__vectab_stack_and_reset_area) refers to stm32f10x.o(STACK) for __initial_sp
    entry.o(__vectab_stack_and_reset_area) refers to entry.o($$startup$$) for __main
    getc.o(.text) refers to retarget.o(.text) for fgetc
    printfb.o(i.__0fprintf_bare) refers to printfb.o(i._printf_core) for _printf_core
    printfb.o(i.__0fprintf_bare) refers to retarget.o(.text) for fputc
    printfb.o(i.__0vfprintf_bare) refers to printfb.o(i._printf_core) for _printf_core
    printfb.o(i.__0vfprintf_bare) refers to retarget.o(.text) for fputc
    printfb.o(i.__0printf_bare) refers to printfb.o(i._printf_core) for _printf_core
    printfb.o(i.__0printf_bare) refers to retarget.o(.text) for fputc
    printfb.o(i.__0printf_bare) refers to retarget.o(.data) for __stdout
    printfb.o(i.__0vprintf_bare) refers to printfb.o(i._printf_core) for _printf_core
    printfb.o(i.__0vprintf_bare) refers to retarget.o(.text) for fputc
    printfb.o(i.__0vprintf_bare) refers to retarget.o(.data) for __stdout
    printfb.o(i.__0sprintf_bare) refers to printfb.o(i._printf_core) for _printf_core
    printfb.o(i.__0sprintf_bare) refers to printfb.o(i._sputc) for _sputc
    printfb.o(i.__0vsprintf_bare) refers to printfb.o(i._printf_core) for _printf_core
    printfb.o(i.__0vsprintf_bare) refers to printfb.o(i._sputc) for _sputc
    printf0.o(i.__0fprintf_0) refers to printf0.o(i._printf_core) for _printf_core
    printf0.o(i.__0fprintf_0) refers to retarget.o(.text) for fputc
    printf0.o(i.__0vfprintf_0) refers to printf0.o(i._printf_core) for _printf_core
    printf0.o(i.__0vfprintf_0) refers to retarget.o(.text) for fputc
    printf0.o(i.__0printf_0) refers to printf0.o(i._printf_core) for _printf_core
    printf0.o(i.__0printf_0) refers to retarget.o(.text) for fputc
    printf0.o(i.__0printf_0) refers to retarget.o(.data) for __stdout
    printf0.o(i.__0vprintf_0) refers to printf0.o(i._printf_core) for _printf_core
    printf0.o(i.__0vprintf_0) refers to retarget.o(.text) for fputc
    printf0.o(i.__0vprintf_0) refers to retarget.o(.data) for __stdout
    printf0.o(i.__0sprintf_0) refers to printf0.o(i._printf_core) for _printf_core
    printf0.o(i.__0sprintf_0) refers to printf0.o(i._sputc) for _sputc
    printf0.o(i.__0vsprintf_0) refers to printf0.o(i._printf_core) for _printf_core
    printf0.o(i.__0vsprintf_0) refers to printf0.o(i._sputc) for _sputc
    printf1.o(i._printf_core) refers to uidiv.o(.text) for __aeabi_uidivmod
    printf1.o(i.__0fprintf_1) refers to printf1.o(i._printf_core) for _printf_core
    printf1.o(i.__0fprintf_1) refers to retarget.o(.text) for fputc
    printf1.o(i.__0vfprintf_1) refers to printf1.o(i._printf_core) for _printf_core
    printf1.o(i.__0vfprintf_1) refers to retarget.o(.text) for fputc
    printf1.o(i.__0printf_1) refers to printf1.o(i._printf_core) for _printf_core
    printf1.o(i.__0printf_1) refers to retarget.o(.text) for fputc
    printf1.o(i.__0printf_1) refers to retarget.o(.data) for __stdout
    printf1.o(i.__0vprintf_1) refers to printf1.o(i._printf_core) for _printf_core
    printf1.o(i.__0vprintf_1) refers to retarget.o(.text) for fputc
    printf1.o(i.__0vprintf_1) refers to retarget.o(.data) for __stdout
    printf1.o(i.__0sprintf_1) refers to printf1.o(i._printf_core) for _printf_core
    printf1.o(i.__0sprintf_1) refers to printf1.o(i._sputc) for _sputc
    printf1.o(i.__0vsprintf_1) refers to printf1.o(i._printf_core) for _printf_core
    printf1.o(i.__0vsprintf_1) refers to printf1.o(i._sputc) for _sputc
    printf2.o(i.__0fprintf_2) refers to printf2.o(i._printf_core) for _printf_core
    printf2.o(i.__0fprintf_2) refers to retarget.o(.text) for fputc
    printf2.o(i.__0vfprintf_2) refers to printf2.o(i._printf_core) for _printf_core
    printf2.o(i.__0vfprintf_2) refers to retarget.o(.text) for fputc
    printf2.o(i.__0printf_2) refers to printf2.o(i._printf_core) for _printf_core
    printf2.o(i.__0printf_2) refers to retarget.o(.text) for fputc
    printf2.o(i.__0printf_2) refers to retarget.o(.data) for __stdout
    printf2.o(i.__0vprintf_2) refers to printf2.o(i._printf_core) for _printf_core
    printf2.o(i.__0vprintf_2) refers to retarget.o(.text) for fputc
    printf2.o(i.__0vprintf_2) refers to retarget.o(.data) for __stdout
    printf2.o(i.__0sprintf_2) refers to printf2.o(i._printf_core) for _printf_core
    printf2.o(i.__0sprintf_2) refers to printf2.o(i._sputc) for _sputc
    printf2.o(i.__0vsprintf_2) refers to printf2.o(i._printf_core) for _printf_core
    printf2.o(i.__0vsprintf_2) refers to printf2.o(i._sputc) for _sputc
    printf3.o(i._printf_core) refers to uidiv.o(.text) for __aeabi_uidivmod
    printf3.o(i.__0fprintf_3) refers to printf3.o(i._printf_core) for _printf_core
    printf3.o(i.__0fprintf_3) refers to retarget.o(.text) for fputc
    printf3.o(i.__0vfprintf_3) refers to printf3.o(i._printf_core) for _printf_core
    printf3.o(i.__0vfprintf_3) refers to retarget.o(.text) for fputc
    printf3.o(i.__0printf_3) refers to printf3.o(i._printf_core) for _printf_core
    printf3.o(i.__0printf_3) refers to retarget.o(.text) for fputc
    printf3.o(i.__0printf_3) refers to retarget.o(.data) for __stdout
    printf3.o(i.__0vprintf_3) refers to printf3.o(i._printf_core) for _printf_core
    printf3.o(i.__0vprintf_3) refers to retarget.o(.text) for fputc
    printf3.o(i.__0vprintf_3) refers to retarget.o(.data) for __stdout
    printf3.o(i.__0sprintf_3) refers to printf3.o(i._printf_core) for _printf_core
    printf3.o(i.__0sprintf_3) refers to printf3.o(i._sputc) for _sputc
    printf3.o(i.__0vsprintf_3) refers to printf3.o(i._printf_core) for _printf_core
    printf3.o(i.__0vsprintf_3) refers to printf3.o(i._sputc) for _sputc
    printf4.o(i._printf_core) refers to uldiv.o(.text) for __aeabi_uldivmod
    printf4.o(i.__0fprintf_4) refers to printf4.o(i._printf_core) for _printf_core
    printf4.o(i.__0fprintf_4) refers to retarget.o(.text) for fputc
    printf4.o(i.__0vfprintf_4) refers to printf4.o(i._printf_core) for _printf_core
    printf4.o(i.__0vfprintf_4) refers to retarget.o(.text) for fputc
    printf4.o(i.__0printf_4) refers to printf4.o(i._printf_core) for _printf_core
    printf4.o(i.__0printf_4) refers to retarget.o(.text) for fputc
    printf4.o(i.__0printf_4) refers to retarget.o(.data) for __stdout
    printf4.o(i.__0vprintf_4) refers to printf4.o(i._printf_core) for _printf_core
    printf4.o(i.__0vprintf_4) refers to retarget.o(.text) for fputc
    printf4.o(i.__0vprintf_4) refers to retarget.o(.data) for __stdout
    printf4.o(i.__0sprintf_4) refers to printf4.o(i._printf_core) for _printf_core
    printf4.o(i.__0sprintf_4) refers to printf4.o(i._sputc) for _sputc
    printf4.o(i.__0vsprintf_4) refers to printf4.o(i._printf_core) for _printf_core
    printf4.o(i.__0vsprintf_4) refers to printf4.o(i._sputc) for _sputc
    printf5.o(i._printf_core) refers to uldiv.o(.text) for __aeabi_uldivmod
    printf5.o(i.__0fprintf_5) refers to printf5.o(i._printf_core) for _printf_core
    printf5.o(i.__0fprintf_5) refers to retarget.o(.text) for fputc
    printf5.o(i.__0vfprintf_5) refers to printf5.o(i._printf_core) for _printf_core
    printf5.o(i.__0vfprintf_5) refers to retarget.o(.text) for fputc
    printf5.o(i.__0printf_5) refers to printf5.o(i._printf_core) for _printf_core
    printf5.o(i.__0printf_5) refers to retarget.o(.text) for fputc
    printf5.o(i.__0printf_5) refers to retarget.o(.data) for __stdout
    printf5.o(i.__0vprintf_5) refers to printf5.o(i._printf_core) for _printf_core
    printf5.o(i.__0vprintf_5) refers to retarget.o(.text) for fputc
    printf5.o(i.__0vprintf_5) refers to retarget.o(.data) for __stdout
    printf5.o(i.__0sprintf_5) refers to printf5.o(i._printf_core) for _printf_core
    printf5.o(i.__0sprintf_5) refers to printf5.o(i._sputc) for _sputc
    printf5.o(i.__0vsprintf_5) refers to printf5.o(i._printf_core) for _printf_core
    printf5.o(i.__0vsprintf_5) refers to printf5.o(i._sputc) for _sputc
    printf6.o(i._printf_core) refers to printf6.o(i._printf_pre_padding) for _printf_pre_padding
    printf6.o(i._printf_core) refers to uidiv.o(.text) for __aeabi_uidivmod
    printf6.o(i._printf_core) refers to printf6.o(i._printf_post_padding) for _printf_post_padding
    printf6.o(i.__0fprintf_6) refers to printf6.o(i._printf_core) for _printf_core
    printf6.o(i.__0fprintf_6) refers to retarget.o(.text) for fputc
    printf6.o(i.__0vfprintf_6) refers to printf6.o(i._printf_core) for _printf_core
    printf6.o(i.__0vfprintf_6) refers to retarget.o(.text) for fputc
    printf6.o(i.__0printf_6) refers to printf6.o(i._printf_core) for _printf_core
    printf6.o(i.__0printf_6) refers to retarget.o(.text) for fputc
    printf6.o(i.__0printf_6) refers to retarget.o(.data) for __stdout
    printf6.o(i.__0vprintf_6) refers to printf6.o(i._printf_core) for _printf_core
    printf6.o(i.__0vprintf_6) refers to retarget.o(.text) for fputc
    printf6.o(i.__0vprintf_6) refers to retarget.o(.data) for __stdout
    printf6.o(i.__0sprintf_6) refers to printf6.o(i._printf_core) for _printf_core
    printf6.o(i.__0sprintf_6) refers to printf6.o(i._sputc) for _sputc
    printf6.o(i.__0vsprintf_6) refers to printf6.o(i._printf_core) for _printf_core
    printf6.o(i.__0vsprintf_6) refers to printf6.o(i._sputc) for _sputc
    printf7.o(i._printf_core) refers to printf7.o(i._printf_pre_padding) for _printf_pre_padding
    printf7.o(i._printf_core) refers to uldiv.o(.text) for __aeabi_uldivmod
    printf7.o(i._printf_core) refers to printf7.o(i._printf_post_padding) for _printf_post_padding
    printf7.o(i.__0fprintf_7) refers to printf7.o(i._printf_core) for _printf_core
    printf7.o(i.__0fprintf_7) refers to retarget.o(.text) for fputc
    printf7.o(i.__0vfprintf_7) refers to printf7.o(i._printf_core) for _printf_core
    printf7.o(i.__0vfprintf_7) refers to retarget.o(.text) for fputc
    printf7.o(i.__0printf_7) refers to printf7.o(i._printf_core) for _printf_core
    printf7.o(i.__0printf_7) refers to retarget.o(.text) for fputc
    printf7.o(i.__0printf_7) refers to retarget.o(.data) for __stdout
    printf7.o(i.__0vprintf_7) refers to printf7.o(i._printf_core) for _printf_core
    printf7.o(i.__0vprintf_7) refers to retarget.o(.text) for fputc
    printf7.o(i.__0vprintf_7) refers to retarget.o(.data) for __stdout
    printf7.o(i.__0sprintf_7) refers to printf7.o(i._printf_core) for _printf_core
    printf7.o(i.__0sprintf_7) refers to printf7.o(i._sputc) for _sputc
    printf7.o(i.__0vsprintf_7) refers to printf7.o(i._printf_core) for _printf_core
    printf7.o(i.__0vsprintf_7) refers to printf7.o(i._sputc) for _sputc
    printf8.o(i._printf_core) refers to printf8.o(i._printf_pre_padding) for _printf_pre_padding
    printf8.o(i._printf_core) refers to uldiv.o(.text) for __aeabi_uldivmod
    printf8.o(i._printf_core) refers to printf8.o(i._printf_post_padding) for _printf_post_padding
    printf8.o(i.__0fprintf_8) refers to printf8.o(i._printf_core) for _printf_core
    printf8.o(i.__0fprintf_8) refers to retarget.o(.text) for fputc
    printf8.o(i.__0vfprintf_8) refers to printf8.o(i._printf_core) for _printf_core
    printf8.o(i.__0vfprintf_8) refers to retarget.o(.text) for fputc
    printf8.o(i.__0printf_8) refers to printf8.o(i._printf_core) for _printf_core
    printf8.o(i.__0printf_8) refers to retarget.o(.text) for fputc
    printf8.o(i.__0printf_8) refers to retarget.o(.data) for __stdout
    printf8.o(i.__0vprintf_8) refers to printf8.o(i._printf_core) for _printf_core
    printf8.o(i.__0vprintf_8) refers to retarget.o(.text) for fputc
    printf8.o(i.__0vprintf_8) refers to retarget.o(.data) for __stdout
    printf8.o(i.__0sprintf_8) refers to printf8.o(i._printf_core) for _printf_core
    printf8.o(i.__0sprintf_8) refers to printf8.o(i._sputc) for _sputc
    printf8.o(i.__0vsprintf_8) refers to printf8.o(i._printf_core) for _printf_core
    printf8.o(i.__0vsprintf_8) refers to printf8.o(i._sputc) for _sputc
    printfa.o(i._fp_digits) refers to dmul.o(.text) for __aeabi_dmul
    printfa.o(i._fp_digits) refers to ddiv.o(.text) for __aeabi_ddiv
    printfa.o(i._fp_digits) refers to cdrcmple.o(.text) for __aeabi_cdrcmple
    printfa.o(i._fp_digits) refers to dadd.o(.text) for __aeabi_dadd
    printfa.o(i._fp_digits) refers to dfixull.o(.text) for __aeabi_d2ulz
    printfa.o(i._fp_digits) refers to uldiv.o(.text) for __aeabi_uldivmod
    printfa.o(i._fp_digits) refers (Special) to iusefp.o(.text) for __I_use_fp
    printfa.o(i._printf_core) refers to printfa.o(i._printf_pre_padding) for _printf_pre_padding
    printfa.o(i._printf_core) refers to uldiv.o(.text) for __aeabi_uldivmod
    printfa.o(i._printf_core) refers to printfa.o(i._printf_post_padding) for _printf_post_padding
    printfa.o(i._printf_core) refers to printfa.o(i._fp_digits) for _fp_digits
    printfa.o(i._printf_core) refers to uidiv.o(.text) for __aeabi_uidivmod
    printfa.o(i._printf_core) refers (Special) to iusefp.o(.text) for __I_use_fp
    printfa.o(i.__0fprintf) refers to printfa.o(i._printf_core) for _printf_core
    printfa.o(i.__0fprintf) refers to retarget.o(.text) for fputc
    printfa.o(i.__0fprintf) refers (Special) to iusefp.o(.text) for __I_use_fp
    printfa.o(i.__0vfprintf) refers to printfa.o(i._printf_core) for _printf_core
    printfa.o(i.__0vfprintf) refers to retarget.o(.text) for fputc
    printfa.o(i.__0vfprintf) refers (Special) to iusefp.o(.text) for __I_use_fp
    printfa.o(i.__0printf) refers to printfa.o(i._printf_core) for _printf_core
    printfa.o(i.__0printf) refers to retarget.o(.text) for fputc
    printfa.o(i.__0printf) refers to retarget.o(.data) for __stdout
    printfa.o(i.__0printf) refers (Special) to iusefp.o(.text) for __I_use_fp
    printfa.o(i.__0vprintf) refers to printfa.o(i._printf_core) for _printf_core
    printfa.o(i.__0vprintf) refers to retarget.o(.text) for fputc
    printfa.o(i.__0vprintf) refers to retarget.o(.data) for __stdout
    printfa.o(i.__0vprintf) refers (Special) to iusefp.o(.text) for __I_use_fp
    printfa.o(i.__0sprintf) refers to printfa.o(i._printf_core) for _printf_core
    printfa.o(i.__0sprintf) refers to printfa.o(i._sputc) for _sputc
    printfa.o(i.__0sprintf) refers (Special) to iusefp.o(.text) for __I_use_fp
    printfa.o(i.__0vsprintf) refers to printfa.o(i._printf_core) for _printf_core
    printfa.o(i.__0vsprintf) refers to printfa.o(i._sputc) for _sputc
    printfa.o(i.__0vsprintf) refers (Special) to iusefp.o(.text) for __I_use_fp
    printfa.o(i._printf_pre_padding) refers (Special) to iusefp.o(.text) for __I_use_fp
    printfa.o(i._printf_post_padding) refers (Special) to iusefp.o(.text) for __I_use_fp
    printfa.o(i._sputc) refers (Special) to iusefp.o(.text) for __I_use_fp
    init.o(.text) refers to init.o(.emb_text) for __call_main
    init.o(.text) refers to usart.o(.text) for main
    uldiv.o(.text) refers to llushr.o(.text) for __aeabi_llsr
    uldiv.o(.text) refers to llshl.o(.text) for __aeabi_llsl
    dadd.o(.text) refers to llushr.o(.text) for __aeabi_llsr
    dadd.o(.text) refers to llshl.o(.text) for __aeabi_llsl
    dadd.o(.text) refers to depilogue.o(.text) for _double_epilogue
    dadd.o(.text) refers (Special) to iusefp.o(.text) for __I_use_fp
    dmul.o(.text) refers to depilogue.o(.text) for _double_epilogue
    dmul.o(.text) refers (Special) to iusefp.o(.text) for __I_use_fp
    ddiv.o(.text) refers to depilogue.o(.text) for _double_epilogue
    ddiv.o(.text) refers (Special) to iusefp.o(.text) for __I_use_fp
    dfixull.o(.text) refers to llushr.o(.text) for __aeabi_llsr
    dfixull.o(.text) refers to llshl.o(.text) for __aeabi_llsl
    dfixull.o(.text) refers (Special) to iusefp.o(.text) for __I_use_fp
    cdrcmple.o(.text) refers (Special) to iusefp.o(.text) for __I_use_fp
    depilogue.o(.text) refers (Special) to iusefp.o(.text) for __I_use_fp


================================================================================

Removing Unused input sections from the image.

    Removing stm32f10x.o(HEAP), (0 bytes).

1 unused section(s) (total 0 bytes) removed from the image.

================================================================================

Image Symbol Table

    Local Symbols

    Symbol Name                              Value     Ov Type        Size  Object(Section)

    ../../microlib/division.c                0x00000000   Number         0  uldiv.o ABSOLUTE
    ../../microlib/division.c                0x00000000   Number         0  uidiv.o ABSOLUTE
    ../../microlib/fpadd.c                   0x00000000   Number         0  dadd.o ABSOLUTE
    ../../microlib/fpdiv.c                   0x00000000   Number         0  ddiv.o ABSOLUTE
    ../../microlib/fpepilogue.c              0x00000000   Number         0  depilogue.o ABSOLUTE
    ../../microlib/fpfix.c                   0x00000000   Number         0  dfixull.o ABSOLUTE
    ../../microlib/fpmul.c                   0x00000000   Number         0  dmul.o ABSOLUTE
    ../../microlib/init/entry.s              0x00000000   Number         0  entry.o ABSOLUTE
    ../../microlib/init/handlers.c           0x00000000   Number         0  handlers.o ABSOLUTE
    ../../microlib/init/init.c               0x00000000   Number         0  init.o ABSOLUTE
    ../../microlib/longlong.c                0x00000000   Number         0  llshl.o ABSOLUTE
    ../../microlib/longlong.c                0x00000000   Number         0  llushr.o ABSOLUTE
    ../../microlib/printf/printf.c           0x00000000   Number         0  printf8.o ABSOLUTE
    ../../microlib/printf/printf.c           0x00000000   Number         0  printf7.o ABSOLUTE
    ../../microlib/printf/printf.c           0x00000000   Number         0  printf6.o ABSOLUTE
    ../../microlib/printf/printf.c           0x00000000   Number         0  printf5.o ABSOLUTE
    ../../microlib/printf/printf.c           0x00000000   Number         0  printfa.o ABSOLUTE
    ../../microlib/printf/printf.c           0x00000000   Number         0  printfb.o ABSOLUTE
    ../../microlib/printf/printf.c           0x00000000   Number         0  printf0.o ABSOLUTE
    ../../microlib/printf/printf.c           0x00000000   Number         0  printf1.o ABSOLUTE
    ../../microlib/printf/printf.c           0x00000000   Number         0  printf2.o ABSOLUTE
    ../../microlib/printf/printf.c           0x00000000   Number         0  printf4.o ABSOLUTE
    ../../microlib/printf/printf.c           0x00000000   Number         0  printf3.o ABSOLUTE
    ../../microlib/printf/stubs.s            0x00000000   Number         0  stubs.o ABSOLUTE
    ../../microlib/stdio/getc.c              0x00000000   Number         0  getc.o ABSOLUTE
    ../../microlib/stubs.s                   0x00000000   Number         0  iusefp.o ABSOLUTE
    ../../microlib/stubs.s                   0x00000000   Number         0  useno.o ABSOLUTE
    Retarget.c                               0x00000000   Number         0  retarget.o ABSOLUTE
    STM32F10x.s                              0x00000000   Number         0  stm32f10x.o ABSOLUTE
    STM32_Init.c                             0x00000000   Number         0  stm32_init.o ABSOLUTE
    Usart.c                                  0x00000000   Number         0  usart.o ABSOLUTE
    cdrcmple.s                               0x00000000   Number         0  cdrcmple.o ABSOLUTE
    dc.s                                     0x00000000   Number         0  dc.o ABSOLUTE
    RESET                                    0x08000000   Section      236  stm32f10x.o(RESET)
    $$startup$$                              0x080000ec   Section       12  entry.o($$startup$$)
    .emb_text                                0x080000f8   Section        2  init.o(.emb_text)
    .text                                    0x080000fc   Section       28  stm32f10x.o(.text)
    .text                                    0x08000118   Section      344  stm32_init.o(.text)
    stm32_UsartSetup                         0x0800016b   Thumb Code   222  stm32_init.o(.text)
    .text                                    0x08000270   Section       64  retarget.o(.text)
    .text                                    0x080002b0   Section      448  usart.o(.text)
    .text                                    0x08000470   Section        4  getc.o(.text)
    .text                                    0x08000474   Section       44  init.o(.text)
    c$$printf_stubs                          0x080004a0   Number         0  stubs.o(c$$printf_stubs)
    i.__0printf_2                            0x080004a0   Section       32  printf2.o(i.__0printf_2)
    i.__scatterload_copy                     0x080004c0   Section       14  handlers.o(i.__scatterload_copy)
    i.__scatterload_null                     0x080004ce   Section        2  handlers.o(i.__scatterload_null)
    i.__scatterload_zeroinit                 0x080004d0   Section       14  handlers.o(i.__scatterload_zeroinit)
    i._printf_core                           0x080004de   Section      198  printf2.o(i._printf_core)
    _printf_core                             0x080004df   Thumb Code   198  printf2.o(i._printf_core)
    .data                                    0x20000000   Section        8  retarget.o(.data)
    .data                                    0x20000008   Section        4  usart.o(.data)
    tx_restart                               0x20000008   Data           4  usart.o(.data)
    .bss                                     0x2000000c   Section      528  usart.o(.bss)
    rbuf                                     0x2000000c   Data         264  usart.o(.bss)
    tbuf                                     0x20000114   Data         264  usart.o(.bss)
    STACK                                    0x20000220   Section      512  stm32f10x.o(STACK)

    Global Symbols

    Symbol Name                              Value     Ov Type        Size  Object(Section)

    BuildAttributes$$THM_ISAv4$M$P$D$K$S$PE$A:L22UL41UL21$X:L11$S22US41US21$IEEE1$IW$USESV6$~STKCKD$USESV7$~SHL$OSPACE$EBA8$MICROLIB$REQ8$PRES8$EABIv2 0x00000000   Number         0  anon$$obj.o ABSOLUTE
    __ARM_use_no_argv                        0x00000000   Number         0  usart.o ABSOLUTE
    __use_no_errno                           0x00000000   Number         0  useno.o ABSOLUTE
    __use_no_exception_handling              0x00000000   Number         0  useno.o ABSOLUTE
    __use_no_fp                              0x00000000   Number         0  useno.o ABSOLUTE
    __use_no_heap                            0x00000000   Number         0  useno.o ABSOLUTE
    __use_no_heap_region                     0x00000000   Number         0  useno.o ABSOLUTE
    __use_no_semihosting                     0x00000000   Number         0  useno.o ABSOLUTE
    __use_no_semihosting_swi                 0x00000000   Number         0  useno.o ABSOLUTE
    __use_no_signal_handling                 0x00000000   Number         0  useno.o ABSOLUTE
    __decompress                              - Undefined Weak Reference
    __Vectors                                0x08000000   Data           4  stm32f10x.o(RESET)
    __main                                   0x080000ed   Thumb Code     8  entry.o($$startup$$)
    __call_main                              0x080000f9   Thumb Code     2  init.o(.emb_text)
    Reset_Handler                            0x080000fd   Thumb Code     4  stm32f10x.o(.text)
    NMI_Handler                              0x08000101   Thumb Code     2  stm32f10x.o(.text)
    HardFault_Handler                        0x08000103   Thumb Code     2  stm32f10x.o(.text)
    MemManage_Handler                        0x08000105   Thumb Code     2  stm32f10x.o(.text)
    BusFault_Handler                         0x08000107   Thumb Code     2  stm32f10x.o(.text)
    UsageFault_Handler                       0x08000109   Thumb Code     2  stm32f10x.o(.text)
    SVC_Handler                              0x0800010b   Thumb Code     2  stm32f10x.o(.text)
    DebugMon_Handler                         0x0800010d   Thumb Code     2  stm32f10x.o(.text)
    PendSV_Handler                           0x0800010f   Thumb Code     2  stm32f10x.o(.text)
    SysTick_Handler                          0x08000111   Thumb Code     2  stm32f10x.o(.text)
    ADC_IRQHandler                           0x08000113   Thumb Code     0  stm32f10x.o(.text)
    CAN_RX1_IRQHandler                       0x08000113   Thumb Code     0  stm32f10x.o(.text)
    CAN_SCE_IRQHandler                       0x08000113   Thumb Code     0  stm32f10x.o(.text)
    DMAChannel1_IRQHandler                   0x08000113   Thumb Code     0  stm32f10x.o(.text)
    DMAChannel2_IRQHandler                   0x08000113   Thumb Code     0  stm32f10x.o(.text)
    DMAChannel3_IRQHandler                   0x08000113   Thumb Code     0  stm32f10x.o(.text)
    DMAChannel4_IRQHandler                   0x08000113   Thumb Code     0  stm32f10x.o(.text)
    DMAChannel5_IRQHandler                   0x08000113   Thumb Code     0  stm32f10x.o(.text)
    DMAChannel6_IRQHandler                   0x08000113   Thumb Code     0  stm32f10x.o(.text)
    DMAChannel7_IRQHandler                   0x08000113   Thumb Code     0  stm32f10x.o(.text)
    EXTI0_IRQHandler                         0x08000113   Thumb Code     0  stm32f10x.o(.text)
    EXTI15_10_IRQHandler                     0x08000113   Thumb Code     0  stm32f10x.o(.text)
    EXTI1_IRQHandler                         0x08000113   Thumb Code     0  stm32f10x.o(.text)
    EXTI2_IRQHandler                         0x08000113   Thumb Code     0  stm32f10x.o(.text)
    EXTI3_IRQHandler                         0x08000113   Thumb Code     0  stm32f10x.o(.text)
    EXTI4_IRQHandler                         0x08000113   Thumb Code     0  stm32f10x.o(.text)
    EXTI9_5_IRQHandler                       0x08000113   Thumb Code     0  stm32f10x.o(.text)
    FLASH_IRQHandler                         0x08000113   Thumb Code     0  stm32f10x.o(.text)
    I2C1_ER_IRQHandler                       0x08000113   Thumb Code     0  stm32f10x.o(.text)
    I2C1_EV_IRQHandler                       0x08000113   Thumb Code     0  stm32f10x.o(.text)
    I2C2_ER_IRQHandler                       0x08000113   Thumb Code     0  stm32f10x.o(.text)
    I2C2_EV_IRQHandler                       0x08000113   Thumb Code     0  stm32f10x.o(.text)
    PVD_IRQHandler                           0x08000113   Thumb Code     0  stm32f10x.o(.text)
    RCC_IRQHandler                           0x08000113   Thumb Code     0  stm32f10x.o(.text)
    RTCAlarm_IRQHandler                      0x08000113   Thumb Code     0  stm32f10x.o(.text)
    RTC_IRQHandler                           0x08000113   Thumb Code     0  stm32f10x.o(.text)
    SPI1_IRQHandler                          0x08000113   Thumb Code     0  stm32f10x.o(.text)
    SPI2_IRQHandler                          0x08000113   Thumb Code     0  stm32f10x.o(.text)
    TAMPER_IRQHandler                        0x08000113   Thumb Code     0  stm32f10x.o(.text)
    TIM1_BRK_IRQHandler                      0x08000113   Thumb Code     0  stm32f10x.o(.text)
    TIM1_CC_IRQHandler                       0x08000113   Thumb Code     0  stm32f10x.o(.text)
    TIM1_TRG_COM_IRQHandler                  0x08000113   Thumb Code     0  stm32f10x.o(.text)
    TIM1_UP_IRQHandler                       0x08000113   Thumb Code     0  stm32f10x.o(.text)
    TIM2_IRQHandler                          0x08000113   Thumb Code     0  stm32f10x.o(.text)
    TIM3_IRQHandler                          0x08000113   Thumb Code     0  stm32f10x.o(.text)
    TIM4_IRQHandler                          0x08000113   Thumb Code     0  stm32f10x.o(.text)
    USART2_IRQHandler                        0x08000113   Thumb Code     0  stm32f10x.o(.text)
    USART3_IRQHandler                        0x08000113   Thumb Code     0  stm32f10x.o(.text)
    USBWakeUp_IRQHandler                     0x08000113   Thumb Code     0  stm32f10x.o(.text)
    USB_HP_CAN_TX_IRQHandler                 0x08000113   Thumb Code     0  stm32f10x.o(.text)
    USB_LP_CAN_RX0_IRQHandler                0x08000113   Thumb Code     0  stm32f10x.o(.text)
    WWDG_IRQHandler                          0x08000113   Thumb Code     0  stm32f10x.o(.text)
    stm32_Init                               0x08000119   Thumb Code    74  stm32_init.o(.text)
    stm32_GetPCLK1                           0x08000163   Thumb Code     4  stm32_init.o(.text)
    stm32_GetPCLK2                           0x08000167   Thumb Code     4  stm32_init.o(.text)
    fputc                                    0x08000271   Thumb Code    14  retarget.o(.text)
    fgetc                                    0x0800027f   Thumb Code    26  retarget.o(.text)
    _ttywrch                                 0x08000299   Thumb Code    12  retarget.o(.text)
    ferror                                   0x080002a5   Thumb Code     8  retarget.o(.text)
    _sys_exit                                0x080002ad   Thumb Code     4  retarget.o(.text)
    USART1_IRQHandler                        0x080002b1   Thumb Code   148  usart.o(.text)
    buffer_Init                              0x08000345   Thumb Code    24  usart.o(.text)
    SendChar                                 0x0800035d   Thumb Code    76  usart.o(.text)
    GetKey                                   0x080003a9   Thumb Code    40  usart.o(.text)
    main                                     0x080003d1   Thumb Code    50  usart.o(.text)
    getc                                     0x08000471   Thumb Code     4  getc.o(.text)
    __init                                   0x08000475   Thumb Code    30  init.o(.text)
    __scatterload_rt2                        0x08000475   Thumb Code     0  init.o(.text)
    __0printf_2                              0x080004a1   Thumb Code    22  printf2.o(i.__0printf_2)
    __1printf                                0x080004a1   Thumb Code     0  printf2.o(i.__0printf_2)
    _printf_charcount                        0x080004a0   Number         0  stubs.o(c$$printf_stubs)
    _printf_fp_dec                           0x080004a0   Number         0  stubs.o(c$$printf_stubs)
    _printf_fp_hex                           0x080004a0   Number         0  stubs.o(c$$printf_stubs)
    _printf_int_dec                          0x080004a0   Number         0  stubs.o(c$$printf_stubs)
    _printf_longlong_dec                     0x080004a0   Number         0  stubs.o(c$$printf_stubs)
    _printf_longlong_hex                     0x080004a0   Number         0  stubs.o(c$$printf_stubs)
    _printf_longlong_oct                     0x080004a0   Number         0  stubs.o(c$$printf_stubs)
    _printf_mbtowc                           0x080004a0   Number         0  stubs.o(c$$printf_stubs)
    _printf_percent                          0x080004a0   Number         0  stubs.o(c$$printf_stubs)
    _printf_pre_padding                      0x080004a0   Number         0  stubs.o(c$$printf_stubs)
    _printf_return_value                     0x080004a0   Number         0  stubs.o(c$$printf_stubs)
    _printf_sizespec                         0x080004a0   Number         0  stubs.o(c$$printf_stubs)
    _printf_str                              0x080004a0   Number         0  stubs.o(c$$printf_stubs)
    _printf_truncate_signed                  0x080004a0   Number         0  stubs.o(c$$printf_stubs)
    _printf_truncate_unsigned                0x080004a0   Number         0  stubs.o(c$$printf_stubs)
    _printf_wc                               0x080004a0   Number         0  stubs.o(c$$printf_stubs)
    _printf_wctomb                           0x080004a0   Number         0  stubs.o(c$$printf_stubs)
    __scatterload_copy                       0x080004c1   Thumb Code    14  handlers.o(i.__scatterload_copy)
    __scatterload_null                       0x080004cf   Thumb Code     2  handlers.o(i.__scatterload_null)
    __scatterload_zeroinit                   0x080004d1   Thumb Code    14  handlers.o(i.__scatterload_zeroinit)
    Region$$Table$$Base                      0x080005a4   Number         0  anon$$obj.o(Region$$Table)
    Region$$Table$$Limit                     0x080005c4   Number         0  anon$$obj.o(Region$$Table)
    __stdout                                 0x20000000   Data           4  retarget.o(.data)
    __stdin                                  0x20000004   Data           4  retarget.o(.data)
    __initial_sp                             0x20000420   Number         0  stm32f10x.o(STACK)


================================================================================

Memory Map of the image

  Image Entry point : 0x080000ed

  Load Region LR_IROM1 (Base: 0x08000000, Size: 0x000005d0, Max: 0x00020000, ABSOLUTE)

    Execution Region ER_IROM1 (Base: 0x08000000, Size: 0x000005c4, Max: 0x00020000, ABSOLUTE)

    Base Addr    Size         Type   Attr      Idx    E Section Name        Object

    0x08000000   0x000000ec   Data   RO            3    RESET               stm32f10x.o
    0x080000ec   0x0000000c   Code   RO          152  * $$startup$$         entry.o(mc_w.l)
    0x080000f8   0x00000002   Code   RO          355    .emb_text           init.o(mc_w.l)
    0x080000fa   0x00000002   PAD
    0x080000fc   0x0000001c   Code   RO            4    .text               stm32f10x.o
    0x08000118   0x00000158   Code   RO           11    .text               stm32_init.o
    0x08000270   0x00000040   Code   RO          111    .text               retarget.o
    0x080002b0   0x000001c0   Code   RO          131    .text               usart.o
    0x08000470   0x00000004   Code   RO          157    .text               getc.o(mc_w.l)
    0x08000474   0x0000002c   Code   RO          354    .text               init.o(mc_w.l)
    0x080004a0   0x00000000   Code   RO          353    c$$printf_stubs     stubs.o(mc_w.l)
    0x080004a0   0x00000020   Code   RO          210    i.__0printf_2       printf2.o(mc_w.l)
    0x080004c0   0x0000000e   Code   RO          380    i.__scatterload_copy  handlers.o(mc_w.l)
    0x080004ce   0x00000002   Code   RO          382    i.__scatterload_null  handlers.o(mc_w.l)
    0x080004d0   0x0000000e   Code   RO          381    i.__scatterload_zeroinit  handlers.o(mc_w.l)
    0x080004de   0x000000c6   Code   RO          207    i._printf_core      printf2.o(mc_w.l)
    0x080005a4   0x00000020   Data   RO          379    Region$$Table       anon$$obj.o


    Execution Region RW_IRAM1 (Base: 0x20000000, Size: 0x00000420, Max: 0x00005000, ABSOLUTE)

    Base Addr    Size         Type   Attr      Idx    E Section Name        Object

    0x20000000   0x00000008   Data   RW          112    .data               retarget.o
    0x20000008   0x00000004   Data   RW          132    .data               usart.o
    0x2000000c   0x00000210   Zero   RW          133    .bss                usart.o
    0x2000021c   0x00000004   PAD
    0x20000220   0x00000200   Zero   RW            1    STACK               stm32f10x.o


================================================================================

Image component sizes


      Code (inc. data)   RO Data    RW Data    ZI Data      Debug   Object Name

        64          0          0          8          0       2376   retarget.o
       344         40          0          0          0       2203   stm32_init.o
        28          4        236          0        512       1064   stm32f10x.o
       448        110          0          4        528       1709   usart.o

    ------------------------------------------------------------------------
       884        154        268         12       1044       7352   Object Totals
         0          0         32          0          0          0   (incl. Generated)
         0          0          0          0          4          0   (incl. Padding)

    ------------------------------------------------------------------------

      Code (inc. data)   RO Data    RW Data    ZI Data      Debug   Library Member Name

        12          4          0          0          0          0   entry.o
         4          0          0          0          0          0   getc.o
        30          0          0          0          0          0   handlers.o
        46         14          0          0          0          0   init.o
       230         10          0          0          0          0   printf2.o
         0          0          0          0          0          0   stubs.o

    ------------------------------------------------------------------------
       324         28          0          0          0          0   Library Totals
         2          0          0          0          0          0   (incl. Padding)

    ------------------------------------------------------------------------

      Code (inc. data)   RO Data    RW Data    ZI Data      Debug   Library Name

       322         28          0          0          0          0   mc_w.l

    ------------------------------------------------------------------------
       324         28          0          0          0          0   Library Totals

    ------------------------------------------------------------------------

================================================================================


      Code (inc. data)   RO Data    RW Data    ZI Data      Debug   

      1208        182        268         12       1044       7352   Grand Totals
      1208        182        268         12       1044       7352   ELF Image Totals
      1208        182        268         12          0          0   ROM Totals

================================================================================

    Total RO  Size (Code + RO Data)                 1476 (   1.44kB)
    Total RW  Size (RW Data + ZI Data)              1056 (   1.03kB)
    Total ROM Size (Code + RO Data + RW Data)       1488 (   1.45kB)

================================================================================

