<html>
<body>
<pre>
<h1>µVision3 Build Log</h1>
<h2>Project:</h2>
C:\Users\aj\Desktop\DONE\logstick1\Button_Press.uv2
Project File Date:  07/03/2006

<h2>Output:</h2>
Build target 'Target 1'
assembling Startup.s...
compiling Simple_Press.c...
linking...
Program Size: Code=1216 RO-data=16 RW-data=0 ZI-data=1256  
"Button_Press.axf" - 0 Error(s), 0 Warning(s).
Build target 'Target 1'
assembling Startup.s...
compiling Simple_Press.c...
linking...
Program Size: Code=1216 RO-data=16 RW-data=0 ZI-data=1256  
"Button_Press.axf" - 0 Error(s), 0 Warning(s).
