ARM Linker, RVCT3.1 [Build 939] for uVision [Standard]

================================================================================

Section Cross References

    startup.o(STACK) refers (Special) to stkheap2.o(.text) for __use_two_region_memory
    startup.o(HEAP) refers (Special) to stkheap2.o(.text) for __use_two_region_memory
    startup.o(RESET) refers to startup.o(STACK) for Stack_Top
    startup.o(RESET) refers to __main.o(!!!main) for __main
    startup.o(RESET) refers (Special) to stkheap2.o(.text) for __use_two_region_memory
    startup.o(.text) refers to startup.o(HEAP) for Heap_Mem
    startup.o(.text) refers to startup.o(STACK) for Stack_Mem
    startup.o(.text) refers (Special) to stkheap2.o(.text) for __use_two_region_memory
    stkheap2.o(.text) refers to sys_stackheap_outer.o(.text) for __user_setup_stackheap
    stkheap2.o(.text) refers to rt_stackheap_storage_intlibspace.o(.text) for __rt_stackheap_storage
    __main.o(!!!main) refers to kernel.o(.text) for __rt_entry
    kernel.o(.text) refers to stkheap2.o(.text) for __rt_stackheap_init
    kernel.o(.text) refers to boardinit2.o(.text) for _platform_post_stackheap_init
    kernel.o(.text) refers to lib_init.o(.text) for __rt_lib_init
    kernel.o(.text) refers to boardinit3.o(.text) for _platform_post_lib_init
    kernel.o(.text) refers to exit.o(.text) for exit
    kernel.o(.text) refers to simple_press.o(.text) for main
    kernel.o(.text) refers to sys_exit.o(.text) for _sys_exit
    kernel.o(.ARM.exidx) refers to kernel.o(.text) for __rt_entry
    sys_stackheap_outer.o(.text) refers to libspace.o(.text) for __user_perproc_libspace
    sys_stackheap_outer.o(.text) refers to startup.o(.text) for __user_initial_stackheap
    rt_stackheap_storage.o(.text) refers to rt_stackheap_storage.o(.bss) for __rt_stackheap_storage_data
    rt_stackheap_storage_intlibspace.o(.text) refers to libspace.o(.bss) for __libspace_start
    sys_exit.o(.text) refers to use_no_semi.o(.text) for __I_use_semihosting
    libspace.o(.text) refers to libspace.o(.bss) for __libspace_start
    exit.o(.text) refers to kernel.o(.text) for __rt_exit
    stkheap1.o(.text) refers to sys_stackheap_outer.o(.text) for __user_setup_stackheap
    stkheap1.o(.text) refers to rt_stackheap_storage_intlibspace.o(.text) for __rt_stackheap_storage
    lib_init.o(.emb_text) refers to no_argv.o(.text) for __ARM_get_argv
    lib_init.o(.text) refers to fpinit.o(x$fpl$fpinit) for _fp_init
    lib_init.o(.text) refers to lib_init.o(.emb_text) for __ARM_argv_veneer
    lib_init.o(.text) refers to rt_locale_intlibspace.o(.text) for __rt_locale
    rt_locale.o(.text) refers to rt_locale.o(.bss) for __rt_locale_data
    rt_locale_intlibspace.o(.text) refers to libspace.o(.bss) for __libspace_start
    _get_argv.o(.text) refers to heapext.o(.text) for __heap_extend
    _get_argv.o(.text) refers to defsig_rtmem_outer.o(.text) for __rt_SIGRTMEM
    _get_argv.o(.text) refers to sys_command.o(.text) for _sys_command_string
    _get_argv.o(.text) refers (Special) to hrguard.o(.text) for __heap_region_guard
    fpinit.o(x$fpl$fpinit) refers to rt_fp_status_addr_intlibspace.o(.text) for __rt_fp_status_addr
    sys_command.o(.text) refers (Special) to use_no_semi.o(.text) for __I_use_semihosting
    rt_fp_status_addr.o(.text) refers to rt_fp_status_addr.o(.bss) for __rt_fp_status_addr_data
    rt_fp_status_addr_intlibspace.o(.text) refers to libspace.o(.bss) for __libspace_start
    defsig_rtmem_outer.o(.text) refers to defsig_rtmem_inner.o(.text) for __rt_SIGRTMEM_inner
    defsig_rtmem_outer.o(.text) refers to defsig_exit.o(.text) for __sig_exit
    defsig_rtmem_formal.o(.text) refers to rt_raise.o(.text) for __rt_raise
    heapext.o(.text) refers to stkheap2.o(.text) for __rt_heap_extend
    rt_raise.o(.text) refers to __raise.o(.text) for __raise
    rt_raise.o(.text) refers to sys_exit.o(.text) for _sys_exit
    defsig.o(CL$$defsig) refers to defsig_rtmem_inner.o(.text) for __rt_SIGRTMEM_inner
    defsig_exit.o(.text) refers to sys_exit.o(.text) for _sys_exit
    defsig_rtmem_inner.o(.text) refers to defsig_general.o(.text) for __default_signal_display
    __raise.o(.text) refers to defsig.o(CL$$defsig) for __default_signal_handler
    __raise.o(.text) refers to callvia.o(.text) for __ARM_call_via_r2
    defsig_general.o(.text) refers to sys_wrch.o(.text) for _ttywrch
    defsig_abrt_inner.o(.text) refers to defsig_general.o(.text) for __default_signal_display
    defsig_fpe_inner.o(.text) refers to defsig_general.o(.text) for __default_signal_display
    defsig_rtred_inner.o(.text) refers to defsig_general.o(.text) for __default_signal_display
    defsig_stak_inner.o(.text) refers to defsig_general.o(.text) for __default_signal_display
    defsig_pvfn_inner.o(.text) refers to defsig_general.o(.text) for __default_signal_display
    defsig_cppl_inner.o(.text) refers to defsig_general.o(.text) for __default_signal_display
    defsig_segv_inner.o(.text) refers to defsig_general.o(.text) for __default_signal_display
    defsig_other.o(.text) refers to defsig_general.o(.text) for __default_signal_display
    sys_wrch.o(.text) refers (Special) to use_no_semi.o(.text) for __I_use_semihosting


================================================================================

Adding Veneers to the image

    Adding TA veneer (8 bytes, Short) for call to '__rt_exit' from exit.o(.text).
    Adding AT veneer (12 bytes, Long) for call to '__rt_lib_shutdown' from kernel.o(.text).
    Adding TA veneer (4 bytes, Inline) for call to '_fp_init' from lib_init.o(.text).
    Adding TA veneer (4 bytes, Inline) for call to '__rt_locale' from lib_init.o(.text).
    Adding AT veneer (8 bytes, Inline) for call to '__rt_lib_init' from kernel.o(.text).
    Adding TA veneer (4 bytes, Inline) for call to '__ARM_argv_veneer' from lib_init.o(.text).

6 Veneer(s) (total 40 bytes) added to the image.

================================================================================

Image Symbol Table

    Local Symbols

    Symbol Name                              Value     Ov Type        Size  Object(Section)

    RESET                                    0x00000000   Section      272  startup.o(RESET)
    ../../angel/boardlib.s                   0x00000000   Number         0  boardinit3.o ABSOLUTE
    ../../angel/boardlib.s                   0x00000000   Number         0  boardshut.o ABSOLUTE
    ../../angel/boardlib.s                   0x00000000   Number         0  cpuinit.o ABSOLUTE
    ../../angel/boardlib.s                   0x00000000   Number         0  boardinit2.o ABSOLUTE
    ../../angel/boardlib.s                   0x00000000   Number         0  boardinit1.o ABSOLUTE
    ../../angel/handlers.s                   0x00000000   Number         0  __scatter_zi.o ABSOLUTE
    ../../angel/kernel.s                     0x00000000   Number         0  kernel.o ABSOLUTE
    ../../angel/rt.s                         0x00000000   Number         0  rt_fp_status_addr.o ABSOLUTE
    ../../angel/rt.s                         0x00000000   Number         0  rt_raise.o ABSOLUTE
    ../../angel/rt.s                         0x00000000   Number         0  rt_locale_intlibspace.o ABSOLUTE
    ../../angel/rt.s                         0x00000000   Number         0  rt_locale.o ABSOLUTE
    ../../angel/rt.s                         0x00000000   Number         0  rt_stackheap_storage.o ABSOLUTE
    ../../angel/rt.s                         0x00000000   Number         0  rt_stackheap_storage_intlibspace.o ABSOLUTE
    ../../angel/rt.s                         0x00000000   Number         0  rt_fp_status_addr_intlibspace.o ABSOLUTE
    ../../angel/scatter.s                    0x00000000   Number         0  __scatter.o ABSOLUTE
    ../../angel/startup.s                    0x00000000   Number         0  __main.o ABSOLUTE
    ../../angel/sys.s                        0x00000000   Number         0  libspace.o ABSOLUTE
    ../../angel/sys.s                        0x00000000   Number         0  use_no_semi.o ABSOLUTE
    ../../angel/sys.s                        0x00000000   Number         0  sys_stackheap_outer.o ABSOLUTE
    ../../angel/sys.s                        0x00000000   Number         0  sys_exit.o ABSOLUTE
    ../../angel/sysapp.c                     0x00000000   Number         0  sys_command.o ABSOLUTE
    ../../angel/sysapp.c                     0x00000000   Number         0  sys_wrch.o ABSOLUTE
    ../../armsys.c                           0x00000000   Number         0  lib_init.o ABSOLUTE
    ../../armsys.c                           0x00000000   Number         0  lib_init.o ABSOLUTE
    ../../armsys.c                           0x00000000   Number         0  no_argv.o ABSOLUTE
    ../../armsys.c                           0x00000000   Number         0  _get_argv.o ABSOLUTE
    ../../fpinit.s                           0x00000000   Number         0  fpinit.o ABSOLUTE
    ../../heapalloc.c                        0x00000000   Number         0  hrguard.o ABSOLUTE
    ../../signal.c                           0x00000000   Number         0  defsig_exit.o ABSOLUTE
    ../../signal.c                           0x00000000   Number         0  defsig_fpe_inner.o ABSOLUTE
    ../../signal.c                           0x00000000   Number         0  defsig_stak_inner.o ABSOLUTE
    ../../signal.c                           0x00000000   Number         0  defsig_rtred_inner.o ABSOLUTE
    ../../signal.c                           0x00000000   Number         0  defsig_cppl_inner.o ABSOLUTE
    ../../signal.c                           0x00000000   Number         0  defsig_segv_inner.o ABSOLUTE
    ../../signal.c                           0x00000000   Number         0  defsig_other.o ABSOLUTE
    ../../signal.c                           0x00000000   Number         0  defsig_rtmem_formal.o ABSOLUTE
    ../../signal.c                           0x00000000   Number         0  defsig_rtmem_outer.o ABSOLUTE
    ../../signal.c                           0x00000000   Number         0  defsig_pvfn_inner.o ABSOLUTE
    ../../signal.c                           0x00000000   Number         0  defsig_rtmem_inner.o ABSOLUTE
    ../../signal.c                           0x00000000   Number         0  __raise.o ABSOLUTE
    ../../signal.c                           0x00000000   Number         0  defsig_general.o ABSOLUTE
    ../../signal.c                           0x00000000   Number         0  defsig_abrt_inner.o ABSOLUTE
    ../../signal.s                           0x00000000   Number         0  defsig.o ABSOLUTE
    ../../stdlib.c                           0x00000000   Number         0  exit.o ABSOLUTE
    ../../stkheap.s                          0x00000000   Number         0  heapext.o ABSOLUTE
    ../../stkheap1.s                         0x00000000   Number         0  stkheap1.o ABSOLUTE
    ../../stkheap2.s                         0x00000000   Number         0  stkheap2.o ABSOLUTE
    ../../unhosted.s                         0x00000000   Number         0  callvia.o ABSOLUTE
    Simple_Press.c                           0x00000000   Number         0  simple_press.o ABSOLUTE
    Startup.s                                0x00000000   Number         0  startup.o ABSOLUTE
    dc.s                                     0x00000000   Number         0  dc.o ABSOLUTE
    Undef_Handler                            0x00000040   ARM Code       4  startup.o(RESET)
    SWI_Handler                              0x00000044   ARM Code       4  startup.o(RESET)
    PAbt_Handler                             0x00000048   ARM Code       4  startup.o(RESET)
    DAbt_Handler                             0x0000004c   ARM Code       4  startup.o(RESET)
    IRQ_Handler                              0x00000050   ARM Code       4  startup.o(RESET)
    FIQ_Handler                              0x00000054   ARM Code       4  startup.o(RESET)
    !!!main                                  0x00000110   Section        8  __main.o(!!!main)
    !!!scatter                               0x00000118   Section       60  __scatter.o(!!!scatter)
    !!handler_zi                             0x00000154   Section       44  __scatter_zi.o(!!handler_zi)
    .emb_text                                0x00000184   Section       16  lib_init.o(.emb_text)
    .text                                    0x00000194   Section       32  startup.o(.text)
    .text                                    0x000001b4   Section      112  simple_press.o(.text)
    .text                                    0x00000224   Section       64  stkheap2.o(.text)
    .text                                    0x00000264   Section      104  kernel.o(.text)
    .text                                    0x000002cc   Section       96  sys_stackheap_outer.o(.text)
    .text                                    0x0000032c   Section       16  rt_stackheap_storage_intlibspace.o(.text)
    .text                                    0x0000033c   Section       24  sys_exit.o(.text)
    .text                                    0x00000354   Section       12  libspace.o(.text)
    .text                                    0x00000360   Section       12  exit.o(.text)
    .text                                    0x00000374   Section      206  lib_init.o(.text)
    .text                                    0x00000444   Section       12  boardinit2.o(.text)
    .text                                    0x00000450   Section       16  boardinit3.o(.text)
    .text                                    0x00000460   Section        4  use_no_semi.o(.text)
    .text                                    0x00000468   Section       16  rt_locale_intlibspace.o(.text)
    .text                                    0x00000478   Section        6  no_argv.o(.text)
    .text                                    0x00000480   Section       16  rt_fp_status_addr_intlibspace.o(.text)
    x$fpl$fpinit                             0x000004a8   Section       24  fpinit.o(x$fpl$fpinit)
    .bss                                     0x40000000   Section       96  libspace.o(.bss)
    HEAP                                     0x40000060   Number         0  startup.o(HEAP)
    STACK                                    0x40000060   Section     1160  startup.o(STACK)
    Heap_Mem                                 0x40000060   Number         0  startup.o(HEAP)
    Stack_Mem                                0x40000060   Data        1160  startup.o(STACK)
    Stack_Top                                0x400004e8   Number         0  startup.o(STACK)

    Global Symbols

    Symbol Name                              Value     Ov Type        Size  Object(Section)

    BuildAttributes$$THM_ISAv1$ARM_ISAv4$M$S$PE$A:L22$X:L11$S22$IEEE1$IW$USESV6$~STKCKD$USESV7$~SHL$OSPACE$EBA8$STANDARDLIB$REQ8$PRES8$EABIv2 0x00000000   Number         0  anon$$obj.o ABSOLUTE
    __ARM_use_no_argv                        0x00000000   Number         0  simple_press.o ABSOLUTE
    __ARM_exceptions_init                     - Undefined Weak Reference
    __Heap_DescSize                           - Undefined Weak Reference
    __alloca_initialize                       - Undefined Weak Reference
    __cpp_initialize__aeabi_                  - Undefined Weak Reference
    __cxa_finalize                            - Undefined Weak Reference
    __sigvec_lookup                           - Undefined Weak Reference
    __user_heap_extend                        - Undefined Weak Reference
    _atexit_init                              - Undefined Weak Reference
    _call_atexit_fns                          - Undefined Weak Reference
    _clock_init                               - Undefined Weak Reference
    _fp_trap_init                             - Undefined Weak Reference
    _get_lc_collate                           - Undefined Weak Reference
    _get_lc_ctype                             - Undefined Weak Reference
    _get_lc_monetary                          - Undefined Weak Reference
    _get_lc_numeric                           - Undefined Weak Reference
    _get_lc_time                              - Undefined Weak Reference
    _getenv_init                              - Undefined Weak Reference
    _handle_redirection                       - Undefined Weak Reference
    _init_alloc                               - Undefined Weak Reference
    _init_user_alloc                          - Undefined Weak Reference
    _initio                                   - Undefined Weak Reference
    _rand_init                                - Undefined Weak Reference
    _signal_init                              - Undefined Weak Reference
    _terminate_user_alloc                     - Undefined Weak Reference
    _terminateio                              - Undefined Weak Reference
    Reset_Handler                            0x00000058   ARM Code       0  startup.o(RESET)
    __main                                   0x00000110   ARM Code       8  __main.o(!!!main)
    __scatterload                            0x00000118   ARM Code       0  __scatter.o(!!!scatter)
    __scatterload_rt2                        0x00000118   ARM Code      52  __scatter.o(!!!scatter)
    __scatterload_null                       0x0000012c   ARM Code       0  __scatter.o(!!!scatter)
    __scatterload_zeroinit                   0x00000154   ARM Code      44  __scatter_zi.o(!!handler_zi)
    Inline Thumb to ARM Veneer to __ARM_argv_veneer 0x00000181   Thumb Code     0  lib_init.o(.emb_text)
    __ARM_argv_veneer                        0x00000184   ARM Code      16  lib_init.o(.emb_text)
    __user_initial_stackheap                 0x00000194   ARM Code       0  startup.o(.text)
    wait                                     0x000001b4   ARM Code      28  simple_press.o(.text)
    main                                     0x000001d0   ARM Code      76  simple_press.o(.text)
    __use_two_region_memory                  0x00000224   ARM Code       4  stkheap2.o(.text)
    __rt_stackheap_init                      0x00000228   ARM Code      36  stkheap2.o(.text)
    __rt_heap_extend                         0x0000024c   ARM Code      24  stkheap2.o(.text)
    __rt_entry                               0x00000264   ARM Code      76  kernel.o(.text)
    __rt_exit                                0x000002b0   ARM Code      20  kernel.o(.text)
    __rt_abort                               0x000002c4   ARM Code       8  kernel.o(.text)
    __user_setup_stackheap                   0x000002cc   ARM Code      96  sys_stackheap_outer.o(.text)
    __rt_stackheap_storage                   0x0000032c   ARM Code      12  rt_stackheap_storage_intlibspace.o(.text)
    _sys_exit                                0x0000033c   ARM Code      20  sys_exit.o(.text)
    __user_libspace                          0x00000354   ARM Code       8  libspace.o(.text)
    __user_perproc_libspace                  0x00000354   ARM Code       0  libspace.o(.text)
    __user_perthread_libspace                0x00000354   ARM Code       0  libspace.o(.text)
    exit                                     0x00000361   Thumb Code    12  exit.o(.text)
    Inline ARM to Thumb Veneer to __rt_lib_init 0x0000036c   ARM Code       0  lib_init.o(.text)
    __rt_lib_init                            0x00000375   Thumb Code   184  lib_init.o(.text)
    __rt_lib_shutdown                        0x0000042d   Thumb Code    22  lib_init.o(.text)
    _platform_post_stackheap_init            0x00000444   ARM Code      12  boardinit2.o(.text)
    _platform_post_lib_init                  0x00000450   ARM Code      16  boardinit3.o(.text)
    __I_use_semihosting                      0x00000460   ARM Code       0  use_no_semi.o(.text)
    __use_no_semihosting_swi                 0x00000460   ARM Code       4  use_no_semi.o(.text)
    Inline Thumb to ARM Veneer to __rt_locale 0x00000465   Thumb Code     0  rt_locale_intlibspace.o(.text)
    __rt_locale                              0x00000468   ARM Code      12  rt_locale_intlibspace.o(.text)
    __ARM_get_argv                           0x00000479   Thumb Code     6  no_argv.o(.text)
    __rt_fp_status_addr                      0x00000480   ARM Code      12  rt_fp_status_addr_intlibspace.o(.text)
    Long ARM to Thumb Veneer to __rt_lib_shutdown 0x00000490   ARM Code       0  anon$$obj.o(Veneer$$Code)
    Short Thumb to ARM Veneer to __rt_exit   0x0000049d   Thumb Code     0  anon$$obj.o(Veneer$$Code)
    Inline Thumb to ARM Veneer to _fp_init   0x000004a5   Thumb Code     0  fpinit.o(x$fpl$fpinit)
    _fp_init                                 0x000004a8   ARM Code      24  fpinit.o(x$fpl$fpinit)
    __fplib_config_pureend_doubles           0x000004b8   ARM Code       0  fpinit.o(x$fpl$fpinit)
    Region$$Table$$Base                      0x000004c0   Number         0  anon$$obj.o(Region$$Table)
    Region$$Table$$Limit                     0x000004d0   Number         0  anon$$obj.o(Region$$Table)
    __libspace_start                         0x40000000   Data          96  libspace.o(.bss)
    __temporary_stack_top_libspace           0x40000060   Data           0  libspace.o(.bss)


================================================================================

Memory Map of the image

  Image Entry point : 0x00000110

  Load Region LR_IROM1 (Base: 0x00000000, Size: 0x000004d0, Max: 0x00080000, ABSOLUTE)

    Execution Region ER_IROM1 (Base: 0x00000000, Size: 0x000004d0, Max: 0x00080000, ABSOLUTE)

    Base Addr    Size         Type   Attr      Idx    E Section Name        Object

    0x00000000   0x00000110   Code   RO            3    RESET               startup.o
    0x00000110   0x00000008   Code   RO           32  * !!!main             __main.o(c_t.l)
    0x00000118   0x0000003c   Code   RO          127    !!!scatter          __scatter.o(c_t.l)
    0x00000154   0x0000002c   Code   RO          129    !!handler_zi        __scatter_zi.o(c_t.l)
    0x00000180   0x00000004   Ven    RO           53    .emb_text           lib_init.o(c_t.l)
    0x00000184   0x00000010   Code   RO           53    .emb_text           lib_init.o(c_t.l)
    0x00000194   0x00000020   Code   RO            4    .text               startup.o
    0x000001b4   0x00000070   Code   RO           12    .text               simple_press.o
    0x00000224   0x00000040   Code   RO           30    .text               stkheap2.o(c_t.l)
    0x00000264   0x00000068   Code   RO           34    .text               kernel.o(c_t.l)
    0x000002cc   0x00000060   Code   RO           37    .text               sys_stackheap_outer.o(c_t.l)
    0x0000032c   0x00000010   Code   RO           42    .text               rt_stackheap_storage_intlibspace.o(c_t.l)
    0x0000033c   0x00000018   Code   RO           44    .text               sys_exit.o(c_t.l)
    0x00000354   0x0000000c   Code   RO           46    .text               libspace.o(c_t.l)
    0x00000360   0x0000000c   Code   RO           49    .text               exit.o(c_t.l)
    0x0000036c   0x00000008   Ven    RO           54    .text               lib_init.o(c_t.l)
    0x00000374   0x000000ce   Code   RO           54    .text               lib_init.o(c_t.l)
    0x00000442   0x00000002   PAD
    0x00000444   0x0000000c   Code   RO           59    .text               boardinit2.o(c_t.l)
    0x00000450   0x00000010   Code   RO           61    .text               boardinit3.o(c_t.l)
    0x00000460   0x00000004   Code   RO           65    .text               use_no_semi.o(c_t.l)
    0x00000464   0x00000004   Ven    RO           70    .text               rt_locale_intlibspace.o(c_t.l)
    0x00000468   0x00000010   Code   RO           70    .text               rt_locale_intlibspace.o(c_t.l)
    0x00000478   0x00000006   Code   RO           76    .text               no_argv.o(c_t.l)
    0x0000047e   0x00000002   PAD
    0x00000480   0x00000010   Code   RO           85    .text               rt_fp_status_addr_intlibspace.o(c_t.l)
    0x00000490   0x0000000c   Ven    RO          135    Veneer$$Code        anon$$obj.o
    0x0000049c   0x00000008   Ven    RO          136    Veneer$$Code        anon$$obj.o
    0x000004a4   0x00000004   Ven    RO           78    x$fpl$fpinit        fpinit.o(fz_ts.l)
    0x000004a8   0x00000018   Code   RO           78    x$fpl$fpinit        fpinit.o(fz_ts.l)
    0x000004c0   0x00000010   Data   RO          126    Region$$Table       anon$$obj.o


    Execution Region RW_IRAM1 (Base: 0x40000000, Size: 0x000004e8, Max: 0x00008000, ABSOLUTE)

    Base Addr    Size         Type   Attr      Idx    E Section Name        Object

    0x40000000   0x00000060   Zero   RW           47    .bss                libspace.o(c_t.l)
    0x40000060   0x00000000   Zero   RW            2    HEAP                startup.o
    0x40000060   0x00000488   Zero   RW            1    STACK               startup.o


================================================================================

Image component sizes


      Code (inc. data)   RO Data    RW Data    ZI Data      Debug   Object Name

       112          8          0          0          0       2690   simple_press.o
       304         60          0          0       1160        448   startup.o

    ------------------------------------------------------------------------
       436         72         16          0       1160       3140   Object Totals
        20          4         16          0          0          0   (incl. Generated)
         0          0          0          0          0          2   (incl. Padding)

    ------------------------------------------------------------------------

      Code (inc. data)   RO Data    RW Data    ZI Data      Debug   Library Member Name

         8          0          0          0          0          0   __main.o
        60          8          0          0          0          0   __scatter.o
        44          0          0          0          0          0   __scatter_zi.o
        12          0          0          0          0          0   boardinit2.o
        16          0          0          0          0          0   boardinit3.o
        12          0          0          0          0          0   exit.o
        28          0          0          0          0          0   fpinit.o
       104          4          0          0          0          0   kernel.o
       234          4          0          0          0          0   lib_init.o
        12          4          0          0         96          0   libspace.o
         6          0          0          0          0          0   no_argv.o
        16          4          0          0          0          0   rt_fp_status_addr_intlibspace.o
        20          4          0          0          0          0   rt_locale_intlibspace.o
        16          4          0          0          0          0   rt_stackheap_storage_intlibspace.o
        64          0          0          0          0          0   stkheap2.o
        24          8          0          0          0          0   sys_exit.o
        96          0          0          0          0          0   sys_stackheap_outer.o
         4          0          0          0          0          0   use_no_semi.o

    ------------------------------------------------------------------------
       780         40          0          0         96          0   Library Totals
         4          0          0          0          0          0   (incl. Padding)

    ------------------------------------------------------------------------

      Code (inc. data)   RO Data    RW Data    ZI Data      Debug   Library Name

       748         40          0          0         96          0   c_t.l
        28          0          0          0          0          0   fz_ts.l

    ------------------------------------------------------------------------
       780         40          0          0         96          0   Library Totals

    ------------------------------------------------------------------------

================================================================================


      Code (inc. data)   RO Data    RW Data    ZI Data      Debug   

      1216        112         16          0       1256       3140   Grand Totals
      1216        112         16          0       1256       3140   ELF Image Totals
      1216        112         16          0          0          0   ROM Totals

================================================================================

    Total RO  Size (Code + RO Data)                 1232 (   1.20kB)
    Total RW  Size (RW Data + ZI Data)              1256 (   1.23kB)
    Total ROM Size (Code + RO Data + RW Data)       1232 (   1.20kB)

================================================================================

