ARM Linker, RVCT3.1 [Build 939] for uVision [Standard]

================================================================================

Section Cross References

    sam7.o(STACK) refers (Special) to stkheap2.o(.text) for __use_two_region_memory
    sam7.o(HEAP) refers (Special) to stkheap2.o(.text) for __use_two_region_memory
    sam7.o(RESET) refers to sam7.o(STACK) for Stack_Top
    sam7.o(RESET) refers to __main.o(!!!main) for __main
    sam7.o(RESET) refers (Special) to stkheap2.o(.text) for __use_two_region_memory
    sam7.o(.text) refers to sam7.o(HEAP) for Heap_Mem
    sam7.o(.text) refers to sam7.o(STACK) for Stack_Mem
    sam7.o(.text) refers (Special) to stkheap2.o(.text) for __use_two_region_memory
    retarget.o(.text) refers to serial.o(.text) for sendchar
    retarget.o(.text) refers (Special) to use_no_semi.o(.text) for __use_no_semihosting_swi
    retarget.o(.data) refers (Special) to use_no_semi.o(.text) for __use_no_semihosting_swi
    adc.o(.text) refers to serial.o(.text) for init_serial
    adc.o(.text) refers to aeabi_sdiv.o(.text_udiv) for __aeabi_uidivmod
    adc.o(.text) refers to __0printf.o(.text) for __1printf
    adc.o(.text) refers to adc.o(.data) for pADC
    adc.o(.text) refers (Special) to _printf_dec.o(.text) for _printf_int_dec
    adc.o(.text) refers (Special) to _printf_pad.o(.text) for _printf_pre_padding
    adc.o(.text) refers (Special) to __printf.o(.text) for _printf_percent
    adc.o(.data) refers (Special) to _printf_dec.o(.text) for _printf_int_dec
    adc.o(.data) refers (Special) to _printf_pad.o(.text) for _printf_pre_padding
    adc.o(.data) refers (Special) to __printf.o(.text) for _printf_percent
    serial.o(.text) refers to serial.o(.data) for pUSART
    __printf.o(.text) refers to callvia.o(.text) for __ARM_call_via_r1
    __printf.o(.text) refers (Weak) to _printf_dec.o(.text) for _printf_int_dec
    __printf.o(.text) refers to __printf.o(.constdata) for .constdata
    _printf_pad.o(.text) refers to callvia.o(.text) for __ARM_call_via_r2
    _printf_dec.o(.text) refers to rtudiv10.o(.text) for __rt_udiv10
    _printf_dec.o(.text) refers to _printf_intcommon.o(.text) for _printf_int_common
    __0printf.o(.text) refers to _printf_char_common.o(.text) for _printf_char_common
    __0printf.o(.text) refers to retarget.o(.text) for ferror
    __0printf.o(.text) refers to retarget.o(.data) for __stdout
    aeabi_sdiv.o(.text_udiv) refers to aeabi_sdiv.o(.text) for __arm_div4
    aeabi_sdiv_div0.o(.text_udiv) refers to aeabi_sdiv_div0.o(.text) for __arm_div4
    stkheap2.o(.text) refers to sys_stackheap_outer.o(.text) for __user_setup_stackheap
    stkheap2.o(.text) refers to rt_stackheap_storage_intlibspace.o(.text) for __rt_stackheap_storage
    __main.o(!!!main) refers to kernel.o(.text) for __rt_entry
    kernel.o(.text) refers to stkheap2.o(.text) for __rt_stackheap_init
    kernel.o(.text) refers to boardinit2.o(.text) for _platform_post_stackheap_init
    kernel.o(.text) refers to lib_init.o(.text) for __rt_lib_init
    kernel.o(.text) refers to boardinit3.o(.text) for _platform_post_lib_init
    kernel.o(.text) refers to exit.o(.text) for exit
    kernel.o(.text) refers to adc.o(.text) for main
    kernel.o(.text) refers to retarget.o(.text) for _sys_exit
    kernel.o(.ARM.exidx) refers to kernel.o(.text) for __rt_entry
    sys_stackheap_outer.o(.text) refers to libspace.o(.text) for __user_perproc_libspace
    sys_stackheap_outer.o(.text) refers to sam7.o(.text) for __user_initial_stackheap
    aeabi_idiv0_sigfpe.o(.text) refers to rt_div0.o(.text) for __rt_div0
    rt_stackheap_storage.o(.text) refers to rt_stackheap_storage.o(.bss) for __rt_stackheap_storage_data
    rt_stackheap_storage_intlibspace.o(.text) refers to libspace.o(.bss) for __libspace_start
    _printf_intcommon.o(.text) refers (Weak) to _printf_pad.o(.text) for _printf_pre_padding
    _printf_intcommon.o(.text) refers to callvia.o(.text) for __ARM_call_via_r2
    _printf_intcommon.o(.text) refers (Weak) to _printf_pad.o(.text) for _printf_pre_padding
    _printf_intcommon.o(.text) refers (Weak) to _printf_pad.o(.text) for _printf_post_padding
    _printf_char_common.o(.text) refers to __printf.o(.text) for __printf
    _printf_char_common.o(.text) refers to _printf_outstr_char.o(.text) for _printf_outstr_char
    _printf_char_common.o(.text) refers to _printf_input_char.o(.text) for _printf_input_char
    libspace.o(.text) refers to libspace.o(.bss) for __libspace_start
    rt_div0.o(.text) refers to defsig_fpe_outer.o(.text) for __rt_SIGFPE
    _printf_outstr_char.o(.text) refers to callvia.o(.text) for __ARM_call_via_r2
    exit.o(.text) refers to kernel.o(.text) for __rt_exit
    stkheap1.o(.text) refers to sys_stackheap_outer.o(.text) for __user_setup_stackheap
    stkheap1.o(.text) refers to rt_stackheap_storage_intlibspace.o(.text) for __rt_stackheap_storage
    lib_init.o(.emb_text) refers to no_argv.o(.text) for __ARM_get_argv
    lib_init.o(.text) refers to fpinit.o(x$fpl$fpinit) for _fp_init
    lib_init.o(.text) refers to lib_init.o(.emb_text) for __ARM_argv_veneer
    lib_init.o(.text) refers to rt_locale_intlibspace.o(.text) for __rt_locale
    rt_locale.o(.text) refers to rt_locale.o(.bss) for __rt_locale_data
    rt_locale_intlibspace.o(.text) refers to libspace.o(.bss) for __libspace_start
    defsig_fpe_outer.o(.text) refers to defsig_fpe_inner.o(.text) for __rt_SIGFPE_inner
    defsig_fpe_outer.o(.text) refers to defsig_exit.o(.text) for __sig_exit
    defsig_fpe_formal.o(.text) refers to rt_raise.o(.text) for __rt_raise
    _get_argv.o(.text) refers to heapext.o(.text) for __heap_extend
    _get_argv.o(.text) refers to defsig_rtmem_outer.o(.text) for __rt_SIGRTMEM
    _get_argv.o(.text) refers to sys_command.o(.text) for _sys_command_string
    _get_argv.o(.text) refers (Special) to hrguard.o(.text) for __heap_region_guard
    fpinit.o(x$fpl$fpinit) refers to rt_fp_status_addr_intlibspace.o(.text) for __rt_fp_status_addr
    sys_command.o(.text) refers (Special) to use_no_semi.o(.text) for __I_use_semihosting
    rt_raise.o(.text) refers to __raise.o(.text) for __raise
    rt_raise.o(.text) refers to retarget.o(.text) for _sys_exit
    rt_fp_status_addr.o(.text) refers to rt_fp_status_addr.o(.bss) for __rt_fp_status_addr_data
    rt_fp_status_addr_intlibspace.o(.text) refers to libspace.o(.bss) for __libspace_start
    defsig.o(CL$$defsig) refers to defsig_fpe_inner.o(.text) for __rt_SIGFPE_inner
    defsig.o(CL$$defsig) refers to defsig_rtmem_inner.o(.text) for __rt_SIGRTMEM_inner
    defsig_exit.o(.text) refers to retarget.o(.text) for _sys_exit
    defsig_fpe_inner.o(.text) refers to defsig_general.o(.text) for __default_signal_display
    defsig_rtmem_outer.o(.text) refers to defsig_rtmem_inner.o(.text) for __rt_SIGRTMEM_inner
    defsig_rtmem_outer.o(.text) refers to defsig_exit.o(.text) for __sig_exit
    defsig_rtmem_formal.o(.text) refers to rt_raise.o(.text) for __rt_raise
    heapext.o(.text) refers to stkheap2.o(.text) for __rt_heap_extend
    __raise.o(.text) refers to defsig.o(CL$$defsig) for __default_signal_handler
    __raise.o(.text) refers to callvia.o(.text) for __ARM_call_via_r2
    defsig_general.o(.text) refers to retarget.o(.text) for _ttywrch
    defsig_abrt_inner.o(.text) refers to defsig_general.o(.text) for __default_signal_display
    defsig_rtred_inner.o(.text) refers to defsig_general.o(.text) for __default_signal_display
    defsig_rtmem_inner.o(.text) refers to defsig_general.o(.text) for __default_signal_display
    defsig_stak_inner.o(.text) refers to defsig_general.o(.text) for __default_signal_display
    defsig_pvfn_inner.o(.text) refers to defsig_general.o(.text) for __default_signal_display
    defsig_cppl_inner.o(.text) refers to defsig_general.o(.text) for __default_signal_display
    defsig_segv_inner.o(.text) refers to defsig_general.o(.text) for __default_signal_display
    defsig_other.o(.text) refers to defsig_general.o(.text) for __default_signal_display


================================================================================

Adding Veneers to the image

    Adding TA veneer (8 bytes, Short) for call to '__rt_exit' from exit.o(.text).
    Adding AT veneer (12 bytes, Long) for call to '__rt_lib_shutdown' from kernel.o(.text).
    Adding TA veneer (8 bytes, Short) for call to 'ferror' from __0printf.o(.text).
    Adding TA veneer (4 bytes, Inline) for call to '_fp_init' from lib_init.o(.text).
    Adding TA veneer (4 bytes, Inline) for call to '__rt_locale' from lib_init.o(.text).
    Adding AT veneer (8 bytes, Inline) for call to '__rt_lib_init' from kernel.o(.text).
    Adding TA veneer (4 bytes, Inline) for call to '__rt_udiv10' from _printf_dec.o(.text).
    Adding AT veneer (8 bytes, Inline) for call to '__1printf' from adc.o(.text).
    Adding TA veneer (4 bytes, Inline) for call to '__ARM_argv_veneer' from lib_init.o(.text).

9 Veneer(s) (total 60 bytes) added to the image.

================================================================================

Image Symbol Table

    Local Symbols

    Symbol Name                              Value     Ov Type        Size  Object(Section)

    ../../angel/boardlib.s                   0x00000000   Number         0  cpuinit.o ABSOLUTE
    ../../angel/boardlib.s                   0x00000000   Number         0  boardinit1.o ABSOLUTE
    ../../angel/boardlib.s                   0x00000000   Number         0  boardshut.o ABSOLUTE
    ../../angel/boardlib.s                   0x00000000   Number         0  boardinit3.o ABSOLUTE
    ../../angel/boardlib.s                   0x00000000   Number         0  boardinit2.o ABSOLUTE
    ../../angel/handlers.s                   0x00000000   Number         0  __scatter_copy.o ABSOLUTE
    ../../angel/handlers.s                   0x00000000   Number         0  __scatter_zi.o ABSOLUTE
    ../../angel/kernel.s                     0x00000000   Number         0  kernel.o ABSOLUTE
    ../../angel/rt.s                         0x00000000   Number         0  rt_stackheap_storage.o ABSOLUTE
    ../../angel/rt.s                         0x00000000   Number         0  aeabi_idiv0_sigfpe.o ABSOLUTE
    ../../angel/rt.s                         0x00000000   Number         0  aeabi_idiv0.o ABSOLUTE
    ../../angel/rt.s                         0x00000000   Number         0  rt_locale_intlibspace.o ABSOLUTE
    ../../angel/rt.s                         0x00000000   Number         0  rt_locale.o ABSOLUTE
    ../../angel/rt.s                         0x00000000   Number         0  rt_fp_status_addr_intlibspace.o ABSOLUTE
    ../../angel/rt.s                         0x00000000   Number         0  rt_fp_status_addr.o ABSOLUTE
    ../../angel/rt.s                         0x00000000   Number         0  rt_raise.o ABSOLUTE
    ../../angel/rt.s                         0x00000000   Number         0  rt_div0.o ABSOLUTE
    ../../angel/rt.s                         0x00000000   Number         0  rt_stackheap_storage_intlibspace.o ABSOLUTE
    ../../angel/scatter.s                    0x00000000   Number         0  __scatter.o ABSOLUTE
    ../../angel/startup.s                    0x00000000   Number         0  __main.o ABSOLUTE
    ../../angel/sys.s                        0x00000000   Number         0  use_no_semi.o ABSOLUTE
    ../../angel/sys.s                        0x00000000   Number         0  sys_stackheap_outer.o ABSOLUTE
    ../../angel/sys.s                        0x00000000   Number         0  libspace.o ABSOLUTE
    ../../angel/sysapp.c                     0x00000000   Number         0  sys_command.o ABSOLUTE
    ../../armsys.c                           0x00000000   Number         0  lib_init.o ABSOLUTE
    ../../armsys.c                           0x00000000   Number         0  no_argv.o ABSOLUTE
    ../../armsys.c                           0x00000000   Number         0  _get_argv.o ABSOLUTE
    ../../armsys.c                           0x00000000   Number         0  lib_init.o ABSOLUTE
    ../../division.s                         0x00000000   Number         0  aeabi_sdiv.o ABSOLUTE
    ../../division.s                         0x00000000   Number         0  rtudiv10.o ABSOLUTE
    ../../division.s                         0x00000000   Number         0  aeabi_sdiv_div0.o ABSOLUTE
    ../../divrt.s                            0x00000000   Number         0  divrt_7tdmi.o ABSOLUTE
    ../../divrt.s                            0x00000000   Number         0  divrt_7tdmi_div0.o ABSOLUTE
    ../../fpinit.s                           0x00000000   Number         0  fpinit.o ABSOLUTE
    ../../heapalloc.c                        0x00000000   Number         0  hrguard.o ABSOLUTE
    ../../printf.c                           0x00000000   Number         0  _printf_pad.o ABSOLUTE
    ../../printf.c                           0x00000000   Number         0  _printf_intcommon.o ABSOLUTE
    ../../printf.c                           0x00000000   Number         0  __printf.o ABSOLUTE
    ../../printf.c                           0x00000000   Number         0  _printf_char_common.o ABSOLUTE
    ../../printf.c                           0x00000000   Number         0  __0printf.o ABSOLUTE
    ../../printf.c                           0x00000000   Number         0  _printf_input_char.o ABSOLUTE
    ../../printf.c                           0x00000000   Number         0  _printf_dec.o ABSOLUTE
    ../../printf.c                           0x00000000   Number         0  _printf_outstr_char.o ABSOLUTE
    ../../signal.c                           0x00000000   Number         0  defsig_fpe_inner.o ABSOLUTE
    ../../signal.c                           0x00000000   Number         0  defsig_exit.o ABSOLUTE
    ../../signal.c                           0x00000000   Number         0  defsig_abrt_inner.o ABSOLUTE
    ../../signal.c                           0x00000000   Number         0  defsig_rtred_inner.o ABSOLUTE
    ../../signal.c                           0x00000000   Number         0  defsig_fpe_formal.o ABSOLUTE
    ../../signal.c                           0x00000000   Number         0  defsig_stak_inner.o ABSOLUTE
    ../../signal.c                           0x00000000   Number         0  defsig_pvfn_inner.o ABSOLUTE
    ../../signal.c                           0x00000000   Number         0  defsig_cppl_inner.o ABSOLUTE
    ../../signal.c                           0x00000000   Number         0  defsig_other.o ABSOLUTE
    ../../signal.c                           0x00000000   Number         0  defsig_rtmem_inner.o ABSOLUTE
    ../../signal.c                           0x00000000   Number         0  defsig_fpe_outer.o ABSOLUTE
    ../../signal.c                           0x00000000   Number         0  defsig_segv_inner.o ABSOLUTE
    ../../signal.c                           0x00000000   Number         0  __raise.o ABSOLUTE
    ../../signal.c                           0x00000000   Number         0  defsig_rtmem_outer.o ABSOLUTE
    ../../signal.c                           0x00000000   Number         0  defsig_rtmem_formal.o ABSOLUTE
    ../../signal.c                           0x00000000   Number         0  defsig_general.o ABSOLUTE
    ../../signal.s                           0x00000000   Number         0  defsig.o ABSOLUTE
    ../../stdlib.c                           0x00000000   Number         0  exit.o ABSOLUTE
    ../../stkheap.s                          0x00000000   Number         0  heapext.o ABSOLUTE
    ../../stkheap1.s                         0x00000000   Number         0  stkheap1.o ABSOLUTE
    ../../stkheap2.s                         0x00000000   Number         0  stkheap2.o ABSOLUTE
    ../../unhosted.s                         0x00000000   Number         0  callvia.o ABSOLUTE
    ADC.c                                    0x00000000   Number         0  adc.o ABSOLUTE
    Retarget.c                               0x00000000   Number         0  retarget.o ABSOLUTE
    SAM7.s                                   0x00000000   Number         0  sam7.o ABSOLUTE
    Serial.c                                 0x00000000   Number         0  serial.o ABSOLUTE
    dc.s                                     0x00000000   Number         0  dc.o ABSOLUTE
    RESET                                    0x00100000   Section      296  sam7.o(RESET)
    Undef_Handler                            0x00100040   ARM Code       4  sam7.o(RESET)
    SWI_Handler                              0x00100044   ARM Code       4  sam7.o(RESET)
    PAbt_Handler                             0x00100048   ARM Code       4  sam7.o(RESET)
    DAbt_Handler                             0x0010004c   ARM Code       4  sam7.o(RESET)
    IRQ_Handler                              0x00100050   ARM Code       4  sam7.o(RESET)
    FIQ_Handler                              0x00100054   ARM Code       4  sam7.o(RESET)
    !!!main                                  0x00100128   Section        8  __main.o(!!!main)
    !!!scatter                               0x00100130   Section       60  __scatter.o(!!!scatter)
    !!handler_copy                           0x0010016c   Section       40  __scatter_copy.o(!!handler_copy)
    !!handler_zi                             0x00100194   Section       44  __scatter_zi.o(!!handler_zi)
    .emb_text                                0x001001c4   Section       16  lib_init.o(.emb_text)
    .text                                    0x001001d4   Section       32  sam7.o(.text)
    .text                                    0x001001f4   Section       72  retarget.o(.text)
    .text                                    0x0010023c   Section      236  adc.o(.text)
    .text                                    0x00100328   Section      212  serial.o(.text)
    .text                                    0x001003fc   Section        4  use_no_semi.o(.text)
    .text                                    0x00100400   Section      760  __printf.o(.text)
    .text                                    0x001006f8   Section       84  _printf_pad.o(.text)
    .text                                    0x0010074c   Section      116  _printf_dec.o(.text)
    .text                                    0x001007c8   Section       56  __0printf.o(.text)
    .text                                    0x00100800   Section      384  aeabi_sdiv.o(.text)
    __arm_div8                               0x0010082c   ARM Code       0  aeabi_sdiv.o(.text)
    __arm_div4                               0x0010085c   ARM Code       0  aeabi_sdiv.o(.text)
    __arm_div_large                          0x001008b0   ARM Code       0  aeabi_sdiv.o(.text)
    .text                                    0x00100980   Section       64  stkheap2.o(.text)
    .text                                    0x001009c0   Section      104  kernel.o(.text)
    .text                                    0x00100a28   Section       96  sys_stackheap_outer.o(.text)
    .text                                    0x00100a88   Section       16  rt_stackheap_storage_intlibspace.o(.text)
    .text                                    0x00100a98   Section      168  _printf_intcommon.o(.text)
    .text                                    0x00100b40   Section       52  _printf_char_common.o(.text)
    .text                                    0x00100b78   Section       44  rtudiv10.o(.text)
    .text                                    0x00100ba4   Section       16  callvia.o(.text)
    .text                                    0x00100bb4   Section       12  libspace.o(.text)
    .text                                    0x00100bc0   Section       32  _printf_outstr_char.o(.text)
    .text                                    0x00100be0   Section       10  _printf_input_char.o(.text)
    .text                                    0x00100bea   Section       12  exit.o(.text)
    .text                                    0x00100c00   Section      206  lib_init.o(.text)
    .text                                    0x00100cd0   Section       12  boardinit2.o(.text)
    .text                                    0x00100cdc   Section       16  boardinit3.o(.text)
    .text                                    0x00100cf0   Section       16  rt_locale_intlibspace.o(.text)
    .text                                    0x00100d00   Section        6  no_argv.o(.text)
    .text                                    0x00100d08   Section       16  rt_fp_status_addr_intlibspace.o(.text)
    .text_udiv                               0x00100d18   Section       28  aeabi_sdiv.o(.text_udiv)
    x$fpl$fpinit                             0x00100d54   Section       24  fpinit.o(x$fpl$fpinit)
    .constdata                               0x00100d6c   Section       17  __printf.o(.constdata)
    maptable@__printf_0                      0x00100d6c   Data          17  __printf.o(.constdata)
    .data                                    0x00200000   Section        4  retarget.o(.data)
    .data                                    0x00200004   Section        4  adc.o(.data)
    .data                                    0x00200008   Section        4  serial.o(.data)
    .bss                                     0x0020000c   Section       96  libspace.o(.bss)
    HEAP                                     0x00200070   Number         0  sam7.o(HEAP)
    STACK                                    0x00200070   Section     1160  sam7.o(STACK)
    Heap_Mem                                 0x00200070   Number         0  sam7.o(HEAP)
    Stack_Mem                                0x00200070   Data        1160  sam7.o(STACK)
    Stack_Top                                0x002004f8   Number         0  sam7.o(STACK)

    Global Symbols

    Symbol Name                              Value     Ov Type        Size  Object(Section)

    BuildAttributes$$THM_ISAv1$ARM_ISAv4$M$S$PE$A:L22$X:L11$S22$IEEE1$IW$USESV6$~STKCKD$USESV7$~SHL$OSPACE$EBA8$STANDARDLIB$REQ8$EABIv2 0x00000000   Number         0  anon$$obj.o ABSOLUTE
    __ARM_use_no_argv                        0x00000000   Number         0  adc.o ABSOLUTE
    __ARM_exceptions_init                     - Undefined Weak Reference
    __Heap_DescSize                           - Undefined Weak Reference
    __alloca_initialize                       - Undefined Weak Reference
    __cpp_initialize__aeabi_                  - Undefined Weak Reference
    __cxa_finalize                            - Undefined Weak Reference
    __sigvec_lookup                           - Undefined Weak Reference
    __user_heap_extend                        - Undefined Weak Reference
    _atexit_init                              - Undefined Weak Reference
    _call_atexit_fns                          - Undefined Weak Reference
    _clock_init                               - Undefined Weak Reference
    _fp_trap_init                             - Undefined Weak Reference
    _get_lc_collate                           - Undefined Weak Reference
    _get_lc_ctype                             - Undefined Weak Reference
    _get_lc_monetary                          - Undefined Weak Reference
    _get_lc_numeric                           - Undefined Weak Reference
    _get_lc_time                              - Undefined Weak Reference
    _getenv_init                              - Undefined Weak Reference
    _handle_redirection                       - Undefined Weak Reference
    _init_alloc                               - Undefined Weak Reference
    _init_user_alloc                          - Undefined Weak Reference
    _initio                                   - Undefined Weak Reference
    _printf_charcount                         - Undefined Weak Reference
    _printf_fp_dec                            - Undefined Weak Reference
    _printf_fp_hex                            - Undefined Weak Reference
    _printf_longlong_dec                      - Undefined Weak Reference
    _printf_longlong_hex                      - Undefined Weak Reference
    _printf_longlong_oct                      - Undefined Weak Reference
    _printf_mbtowc                            - Undefined Weak Reference
    _printf_str                               - Undefined Weak Reference
    _printf_truncate_signed                   - Undefined Weak Reference
    _printf_truncate_unsigned                 - Undefined Weak Reference
    _printf_wc                                - Undefined Weak Reference
    _printf_wctomb                            - Undefined Weak Reference
    _rand_init                                - Undefined Weak Reference
    _signal_init                              - Undefined Weak Reference
    _terminate_user_alloc                     - Undefined Weak Reference
    _terminateio                              - Undefined Weak Reference
    Reset_Handler                            0x00100058   ARM Code       0  sam7.o(RESET)
    __main                                   0x00100128   ARM Code       8  __main.o(!!!main)
    __scatterload                            0x00100130   ARM Code       0  __scatter.o(!!!scatter)
    __scatterload_rt2                        0x00100130   ARM Code      52  __scatter.o(!!!scatter)
    __scatterload_null                       0x00100144   ARM Code       0  __scatter.o(!!!scatter)
    __scatterload_copy                       0x0010016c   ARM Code      40  __scatter_copy.o(!!handler_copy)
    __scatterload_zeroinit                   0x00100194   ARM Code      44  __scatter_zi.o(!!handler_zi)
    Inline Thumb to ARM Veneer to __ARM_argv_veneer 0x001001c1   Thumb Code     0  lib_init.o(.emb_text)
    __ARM_argv_veneer                        0x001001c4   ARM Code      16  lib_init.o(.emb_text)
    __user_initial_stackheap                 0x001001d4   ARM Code       0  sam7.o(.text)
    fputc                                    0x001001f4   ARM Code      28  retarget.o(.text)
    ferror                                   0x00100210   ARM Code      12  retarget.o(.text)
    _ttywrch                                 0x0010021c   ARM Code      24  retarget.o(.text)
    _sys_exit                                0x00100234   ARM Code       8  retarget.o(.text)
    main                                     0x0010023c   ARM Code     188  adc.o(.text)
    init_serial                              0x00100328   ARM Code      80  serial.o(.text)
    sendchar                                 0x00100378   ARM Code      88  serial.o(.text)
    getkey                                   0x001003d0   ARM Code      40  serial.o(.text)
    __I_use_semihosting                      0x001003fc   ARM Code       0  use_no_semi.o(.text)
    __use_no_semihosting_swi                 0x001003fc   ARM Code       4  use_no_semi.o(.text)
    __printf                                 0x00100401   Thumb Code   748  __printf.o(.text)
    _printf_return_value                     0x001006ed   Thumb Code     2  __printf.o(.text)
    _printf_percent                          0x001006ef   Thumb Code     2  __printf.o(.text)
    _printf_sizespec                         0x001006f1   Thumb Code     2  __printf.o(.text)
    _printf_pre_padding                      0x001006f9   Thumb Code    48  _printf_pad.o(.text)
    _printf_post_padding                     0x00100729   Thumb Code    36  _printf_pad.o(.text)
    _printf_int_dec                          0x0010074d   Thumb Code    98  _printf_dec.o(.text)
    Inline ARM to Thumb Veneer to __1printf  0x001007c0   ARM Code       0  __0printf.o(.text)
    __0printf                                0x001007c9   Thumb Code    46  __0printf.o(.text)
    __1printf                                0x001007c9   Thumb Code     0  __0printf.o(.text)
    __aeabi_idiv                             0x00100800   ARM Code       0  aeabi_sdiv.o(.text)
    __aeabi_idivmod                          0x00100800   ARM Code     384  aeabi_sdiv.o(.text)
    __use_two_region_memory                  0x00100980   ARM Code       4  stkheap2.o(.text)
    __rt_stackheap_init                      0x00100984   ARM Code      36  stkheap2.o(.text)
    __rt_heap_extend                         0x001009a8   ARM Code      24  stkheap2.o(.text)
    __rt_entry                               0x001009c0   ARM Code      76  kernel.o(.text)
    __rt_exit                                0x00100a0c   ARM Code      20  kernel.o(.text)
    __rt_abort                               0x00100a20   ARM Code       8  kernel.o(.text)
    __user_setup_stackheap                   0x00100a28   ARM Code      96  sys_stackheap_outer.o(.text)
    __rt_stackheap_storage                   0x00100a88   ARM Code      12  rt_stackheap_storage_intlibspace.o(.text)
    _printf_int_common                       0x00100a99   Thumb Code   168  _printf_intcommon.o(.text)
    _printf_char_common                      0x00100b41   Thumb Code    44  _printf_char_common.o(.text)
    Inline Thumb to ARM Veneer to __rt_udiv10 0x00100b75   Thumb Code     0  rtudiv10.o(.text)
    __rt_udiv10                              0x00100b78   ARM Code      44  rtudiv10.o(.text)
    __ARM_call_via_r0                        0x00100ba5   Thumb Code     2  callvia.o(.text)
    __call_via_r0                            0x00100ba5   Thumb Code     0  callvia.o(.text)
    __ARM_call_via_r1                        0x00100ba7   Thumb Code     2  callvia.o(.text)
    __call_via_r1                            0x00100ba7   Thumb Code     0  callvia.o(.text)
    __ARM_call_via_r2                        0x00100ba9   Thumb Code     2  callvia.o(.text)
    __call_via_r2                            0x00100ba9   Thumb Code     0  callvia.o(.text)
    __ARM_call_via_r3                        0x00100bab   Thumb Code     2  callvia.o(.text)
    __call_via_r3                            0x00100bab   Thumb Code     0  callvia.o(.text)
    __ARM_call_via_r4                        0x00100bad   Thumb Code     2  callvia.o(.text)
    __call_via_r4                            0x00100bad   Thumb Code     0  callvia.o(.text)
    __ARM_call_via_r5                        0x00100baf   Thumb Code     2  callvia.o(.text)
    __call_via_r5                            0x00100baf   Thumb Code     0  callvia.o(.text)
    __ARM_call_via_r6                        0x00100bb1   Thumb Code     2  callvia.o(.text)
    __call_via_r6                            0x00100bb1   Thumb Code     0  callvia.o(.text)
    __ARM_call_via_r7                        0x00100bb3   Thumb Code     2  callvia.o(.text)
    __call_via_r7                            0x00100bb3   Thumb Code     0  callvia.o(.text)
    __user_libspace                          0x00100bb4   ARM Code       8  libspace.o(.text)
    __user_perproc_libspace                  0x00100bb4   ARM Code       0  libspace.o(.text)
    __user_perthread_libspace                0x00100bb4   ARM Code       0  libspace.o(.text)
    _printf_outstr_char                      0x00100bc1   Thumb Code    32  _printf_outstr_char.o(.text)
    _printf_input_char                       0x00100be1   Thumb Code    10  _printf_input_char.o(.text)
    exit                                     0x00100beb   Thumb Code    12  exit.o(.text)
    Inline ARM to Thumb Veneer to __rt_lib_init 0x00100bf8   ARM Code       0  lib_init.o(.text)
    __rt_lib_init                            0x00100c01   Thumb Code   184  lib_init.o(.text)
    __rt_lib_shutdown                        0x00100cb9   Thumb Code    22  lib_init.o(.text)
    _platform_post_stackheap_init            0x00100cd0   ARM Code      12  boardinit2.o(.text)
    _platform_post_lib_init                  0x00100cdc   ARM Code      16  boardinit3.o(.text)
    Inline Thumb to ARM Veneer to __rt_locale 0x00100ced   Thumb Code     0  rt_locale_intlibspace.o(.text)
    __rt_locale                              0x00100cf0   ARM Code      12  rt_locale_intlibspace.o(.text)
    __ARM_get_argv                           0x00100d01   Thumb Code     6  no_argv.o(.text)
    __rt_fp_status_addr                      0x00100d08   ARM Code      12  rt_fp_status_addr_intlibspace.o(.text)
    __aeabi_uidiv                            0x00100d18   ARM Code       0  aeabi_sdiv.o(.text_udiv)
    __aeabi_uidivmod                         0x00100d18   ARM Code      28  aeabi_sdiv.o(.text_udiv)
    Short Thumb to ARM Veneer to ferror      0x00100d35   Thumb Code     0  anon$$obj.o(Veneer$$Code)
    Long ARM to Thumb Veneer to __rt_lib_shutdown 0x00100d3c   ARM Code       0  anon$$obj.o(Veneer$$Code)
    Short Thumb to ARM Veneer to __rt_exit   0x00100d49   Thumb Code     0  anon$$obj.o(Veneer$$Code)
    Inline Thumb to ARM Veneer to _fp_init   0x00100d51   Thumb Code     0  fpinit.o(x$fpl$fpinit)
    _fp_init                                 0x00100d54   ARM Code      24  fpinit.o(x$fpl$fpinit)
    __fplib_config_pureend_doubles           0x00100d64   ARM Code       0  fpinit.o(x$fpl$fpinit)
    Region$$Table$$Base                      0x00100d80   Number         0  anon$$obj.o(Region$$Table)
    Region$$Table$$Limit                     0x00100da0   Number         0  anon$$obj.o(Region$$Table)
    __stdout                                 0x00200000   Data           4  retarget.o(.data)
    pADC                                     0x00200004   Data           4  adc.o(.data)
    pUSART                                   0x00200008   Data           4  serial.o(.data)
    __libspace_start                         0x0020000c   Data          96  libspace.o(.bss)
    __temporary_stack_top_libspace           0x0020006c   Number         0  libspace.o(.bss)


================================================================================

Memory Map of the image

  Image Entry point : 0x00100128

  Load Region LR_IROM1 (Base: 0x00100000, Size: 0x00000dac, Max: 0x00007fff, ABSOLUTE)

    Execution Region ER_IROM1 (Base: 0x00100000, Size: 0x00000da0, Max: 0x00007fff, ABSOLUTE)

    Base Addr    Size         Type   Attr      Idx    E Section Name        Object

    0x00100000   0x00000128   Code   RO            3    RESET               sam7.o
    0x00100128   0x00000008   Code   RO          100  * !!!main             __main.o(c_t.l)
    0x00100130   0x0000003c   Code   RO          209    !!!scatter          __scatter.o(c_t.l)
    0x0010016c   0x00000028   Code   RO          211    !!handler_copy      __scatter_copy.o(c_t.l)
    0x00100194   0x0000002c   Code   RO          213    !!handler_zi        __scatter_zi.o(c_t.l)
    0x001001c0   0x00000004   Ven    RO          136    .emb_text           lib_init.o(c_t.l)
    0x001001c4   0x00000010   Code   RO          136    .emb_text           lib_init.o(c_t.l)
    0x001001d4   0x00000020   Code   RO            4    .text               sam7.o
    0x001001f4   0x00000048   Code   RO           12    .text               retarget.o
    0x0010023c   0x000000ec   Code   RO           33    .text               adc.o
    0x00100328   0x000000d4   Code   RO           53    .text               serial.o
    0x001003fc   0x00000004   Code   RO           71    .text               use_no_semi.o(c_t.l)
    0x00100400   0x000002f8   Code   RO           73    .text               __printf.o(c_t.l)
    0x001006f8   0x00000054   Code   RO           76    .text               _printf_pad.o(c_t.l)
    0x0010074c   0x00000074   Code   RO           78    .text               _printf_dec.o(c_t.l)
    0x001007c0   0x00000008   Ven    RO           80    .text               __0printf.o(c_t.l)
    0x001007c8   0x00000038   Code   RO           80    .text               __0printf.o(c_t.l)
    0x00100800   0x00000180   Code   RO           82    .text               aeabi_sdiv.o(c_t.l)
    0x00100980   0x00000040   Code   RO           98    .text               stkheap2.o(c_t.l)
    0x001009c0   0x00000068   Code   RO          102    .text               kernel.o(c_t.l)
    0x00100a28   0x00000060   Code   RO          105    .text               sys_stackheap_outer.o(c_t.l)
    0x00100a88   0x00000010   Code   RO          114    .text               rt_stackheap_storage_intlibspace.o(c_t.l)
    0x00100a98   0x000000a8   Code   RO          116    .text               _printf_intcommon.o(c_t.l)
    0x00100b40   0x00000034   Code   RO          118    .text               _printf_char_common.o(c_t.l)
    0x00100b74   0x00000004   Ven    RO          120    .text               rtudiv10.o(c_t.l)
    0x00100b78   0x0000002c   Code   RO          120    .text               rtudiv10.o(c_t.l)
    0x00100ba4   0x00000010   Code   RO          122    .text               callvia.o(h_t.l)
    0x00100bb4   0x0000000c   Code   RO          123    .text               libspace.o(c_t.l)
    0x00100bc0   0x00000020   Code   RO          128    .text               _printf_outstr_char.o(c_t.l)
    0x00100be0   0x0000000a   Code   RO          130    .text               _printf_input_char.o(c_t.l)
    0x00100bea   0x0000000c   Code   RO          132    .text               exit.o(c_t.l)
    0x00100bf6   0x00000002   PAD
    0x00100bf8   0x00000008   Ven    RO          137    .text               lib_init.o(c_t.l)
    0x00100c00   0x000000ce   Code   RO          137    .text               lib_init.o(c_t.l)
    0x00100cce   0x00000002   PAD
    0x00100cd0   0x0000000c   Code   RO          142    .text               boardinit2.o(c_t.l)
    0x00100cdc   0x00000010   Code   RO          144    .text               boardinit3.o(c_t.l)
    0x00100cec   0x00000004   Ven    RO          151    .text               rt_locale_intlibspace.o(c_t.l)
    0x00100cf0   0x00000010   Code   RO          151    .text               rt_locale_intlibspace.o(c_t.l)
    0x00100d00   0x00000006   Code   RO          161    .text               no_argv.o(c_t.l)
    0x00100d06   0x00000002   PAD
    0x00100d08   0x00000010   Code   RO          172    .text               rt_fp_status_addr_intlibspace.o(c_t.l)
    0x00100d18   0x0000001c   Code   RO           83    .text_udiv          aeabi_sdiv.o(c_t.l)
    0x00100d34   0x00000008   Ven    RO          221    Veneer$$Code        anon$$obj.o
    0x00100d3c   0x0000000c   Ven    RO          222    Veneer$$Code        anon$$obj.o
    0x00100d48   0x00000008   Ven    RO          223    Veneer$$Code        anon$$obj.o
    0x00100d50   0x00000004   Ven    RO          163    x$fpl$fpinit        fpinit.o(fz_ts.l)
    0x00100d54   0x00000018   Code   RO          163    x$fpl$fpinit        fpinit.o(fz_ts.l)
    0x00100d6c   0x00000011   Data   RO           74    .constdata          __printf.o(c_t.l)
    0x00100d7d   0x00000003   PAD
    0x00100d80   0x00000020   Data   RO          208    Region$$Table       anon$$obj.o


    Execution Region RW_IRAM1 (Base: 0x00200000, Size: 0x000004f8, Max: 0x00003fff, ABSOLUTE)

    Base Addr    Size         Type   Attr      Idx    E Section Name        Object

    0x00200000   0x00000004   Data   RW           13    .data               retarget.o
    0x00200004   0x00000004   Data   RW           34    .data               adc.o
    0x00200008   0x00000004   Data   RW           54    .data               serial.o
    0x0020000c   0x00000060   Zero   RW          124    .bss                libspace.o(c_t.l)
    0x0020006c   0x00000004   PAD
    0x00200070   0x00000000   Zero   RW            2    HEAP                sam7.o
    0x00200070   0x00000488   Zero   RW            1    STACK               sam7.o


================================================================================

Image component sizes


      Code (inc. data)   RO Data    RW Data    ZI Data      Debug   Object Name

       236         48          0          4          0      60704   adc.o
        72          0          0          4          0       5226   retarget.o
       328         80          0          0       1160        452   sam7.o
       212          4          0          4          0        913   serial.o

    ------------------------------------------------------------------------
       876        136         32         12       1160      67296   Object Totals
        28          4         32          0          0          0   (incl. Generated)
         0          0          0          0          0          1   (incl. Padding)

    ------------------------------------------------------------------------

      Code (inc. data)   RO Data    RW Data    ZI Data      Debug   Library Member Name

        64         10          0          0          0          0   __0printf.o
         8          0          0          0          0          0   __main.o
       760          6         17          0          0          0   __printf.o
        60          8          0          0          0          0   __scatter.o
        40          0          0          0          0          0   __scatter_copy.o
        44          0          0          0          0          0   __scatter_zi.o
        52          8          0          0          0          0   _printf_char_common.o
       116         18          0          0          0          0   _printf_dec.o
        10          0          0          0          0          0   _printf_input_char.o
       168          0          0          0          0          0   _printf_intcommon.o
        32          0          0          0          0          0   _printf_outstr_char.o
        84          0          0          0          0          0   _printf_pad.o
       412          0          0          0          0          0   aeabi_sdiv.o
        12          0          0          0          0          0   boardinit2.o
        16          0          0          0          0          0   boardinit3.o
        16          0          0          0          0          0   callvia.o
        12          0          0          0          0          0   exit.o
        28          0          0          0          0          0   fpinit.o
       104          4          0          0          0          0   kernel.o
       234          4          0          0          0          0   lib_init.o
        12          4          0          0         96          0   libspace.o
         6          0          0          0          0          0   no_argv.o
        16          4          0          0          0          0   rt_fp_status_addr_intlibspace.o
        20          4          0          0          0          0   rt_locale_intlibspace.o
        16          4          0          0          0          0   rt_stackheap_storage_intlibspace.o
        48          0          0          0          0          0   rtudiv10.o
        64          0          0          0          0          0   stkheap2.o
        96          0          0          0          0          0   sys_stackheap_outer.o
         4          0          0          0          0          0   use_no_semi.o

    ------------------------------------------------------------------------
      2560         74         20          0        100          0   Library Totals
         6          0          3          0          4          0   (incl. Padding)

    ------------------------------------------------------------------------

      Code (inc. data)   RO Data    RW Data    ZI Data      Debug   Library Name

      2510         74         17          0         96          0   c_t.l
        28          0          0          0          0          0   fz_ts.l
        16          0          0          0          0          0   h_t.l

    ------------------------------------------------------------------------
      2560         74         20          0        100          0   Library Totals

    ------------------------------------------------------------------------

================================================================================


      Code (inc. data)   RO Data    RW Data    ZI Data      Debug   

      3436        210         52         12       1260      67296   Grand Totals
      3436        210         52         12       1260      67296   ELF Image Totals
      3436        210         52         12          0          0   ROM Totals

================================================================================

    Total RO  Size (Code + RO Data)                 3488 (   3.41kB)
    Total RW  Size (RW Data + ZI Data)              1272 (   1.24kB)
    Total ROM Size (Code + RO Data + RW Data)       3500 (   3.42kB)

================================================================================

